******************************************************************************
                  TI ARM Linker PC v18.1.3                     
******************************************************************************
>> Linked Mon Jan 14 11:43:48 2019

OUTPUT FILE NAME:   <httpget_EK_TM4C1294XL_TI_TivaTM4C1294NCPDT.out>
ENTRY POINT SYMBOL: "_c_int00"  address: 00010fed


MEMORY CONFIGURATION

         name            origin    length      used     unused   attr    fill
----------------------  --------  ---------  --------  --------  ----  --------
  FLASH                 00000000   00100000  000189b7  000e7649  R  X
  SRAM                  20000000   00040000  00010644  0002f9bc  RW X


SEGMENT ALLOCATION MAP

run origin  load origin   length   init length attrs members
----------  ----------- ---------- ----------- ----- -------
00000000    00000000    000189c0   000189c0    r-x
  00000000    00000000    0000003c   0000003c    r-- .resetVecs
  00000040    00000040    00015c42   00015c42    r-x .text
  00015c84    00015c84    00002851   00002851    r-- .const
  000184d8    000184d8    000004e8   000004e8    r-- .cinit
20000000    20000000    00000360   00000000    rw-
  20000000    20000000    00000360   00000000    rw- .vecs
20000380    20000380    000102e8   00000000    rw-
  20000380    20000380    0000f0c4   00000000    rw- .bss
  2000f444    2000f444    00000a20   00000000    rw- .data
  2000fe68    2000fe68    00000800   00000000    rw- .stack


SECTION ALLOCATION MAP

 output                                  attributes/
section   page    origin      length       input sections
--------  ----  ----------  ----------   ----------------
.text      0    00000040    00015c42     
                  00000040    00000c68     stk.aem4f : tcpin.oem4f (.text:TcpInput)
                  00000ca8    00000a5e     rtsv7M4_T_le_v4SPD16_eabi.lib : _printfi.c.obj (.text:__TI_printfi)
                  00001706    00000002     hal_userled_stub.aem4f : llled.oem4f (.text:LED_TOGGLE)
                  00001708    000008b8     stk.aem4f : tcpout.oem4f (.text:TcpOutput)
                  00001fc0    00000430     sysbios.aem4f : BIOS.obj (.text:ti_sysbios_family_arm_m3_Hwi_excDumpRegs__I)
                  000023f0    00000408     stk.aem4f : ipout.oem4f (.text:IPTxPacket)
                  000027f8    000003d0     httpget.obj (.text:httpTask)
                  00002bc8    00000384     stk.aem4f : ipin.oem4f (.text:IPRxPacket)
                  00002f4c    00000372     nettool_ipv4.aem4f : dnscomn.oem4f (.text:DNSResolveByName)
                  000032be    00000002     stk.aem4f : nat.oem4f (.text:NatMsg)
                  000032c0    0000034c     ti.targets.arm.rtsarm.aem4f : System.oem4f (.text:xdc_runtime_System_doPrint__I)
                  0000360c    000002fe     nettool_ipv4.aem4f : dnscomn.oem4f (.text:DNSResolveByAddr)
                  0000390a    00000002     os.aem4f : task.oem4f (.text:_TaskInit)
                  0000390c    000002f8     nettool_ipv4.aem4f : inetaddr.oem4f (.text:getaddrinfo)
                  00003c04    000002da                        : dnscomn.oem4f (.text:DNSResolveByNS)
                  00003ede    00000002     os.aem4f : task.oem4f (.text:_TaskShutdown)
                  00003ee0    00000284     stk.aem4f : sock.oem4f (.text:SockSet)
                  00004164    00000270     rtsv7M4_T_le_v4SPD16_eabi.lib : _printfi.c.obj (.text:_pconv_a)
                  000043d4    0000024c     stk.aem4f : ipfrag.oem4f (.text:IPReasm)
                  00004620    0000023c               : icmpin.oem4f (.text:ICMPInput)
                  0000485c    00000238               : udp.oem4f (.text:UdpInput)
                  00004a94    00000204     Boot.aem4f : Boot_sysctl.oem4f (.text:ti_catalog_arm_cortexm4_tiva_ce_Boot_sysCtlClockFreqSetI__I)
                  00004c98    000001fc     sysbios.aem4f : BIOS.obj (.text:ti_sysbios_family_arm_m3_Hwi_excHandlerMax__I)
                  00004e94    000001f4     stk.aem4f : sock.oem4f (.text:SockRecv)
                  00005088    000001dc     httpget.obj (.text:sendData2Server)
                  00005264    000001d0     rtsv7M4_T_le_v4SPD16_eabi.lib : _printfi.c.obj (.text:_pconv_g)
                  00005434    000001b8     drivers_tivaware.aem4f : EMACSnow.oem4f (.text:EMACSnow_NIMUInit)
                  000055ec    000001b6     rtsv7M4_T_le_v4SPD16_eabi.lib : fd_add_t2.asm.obj (.text)
                  000057a2    00000002     hal_ser_stub.aem4f : llserstb.oem4f (.text:_llSerialServiceCheck)
                  000057a4    000001b0     stk.aem4f : lliout.oem4f (.text:LLITxIpPacket)
                  00005954    000001ac               : lliin.oem4f (.text:LLIRxPacket)
                  00005b00    0000019c     os.aem4f : mem.oem4f (.text:mmAlloc)
                  00005c9c    0000019a     nettool_ipv4.aem4f : dnsclnt.oem4f (.text:DNSResolve)
                  00005e36    00000002     hal_ser_stub.aem4f : llserstb.oem4f (.text:_llSerialShutdown)
                  00005e38    00000198     stk.aem4f : igmp.oem4f (.text:IGMPInput)
                  00005fd0    00000198     nettool_ipv4.aem4f : ipaddr.oem4f (.text:NtGetPublicHost)
                  00006168    00000190     stk.aem4f : sock.oem4f (.text:SockNew)
                  000062f8    00000174     netctrl_min_ipv4.aem4f : netctrl.oem4f (.text:NC_NetStart)
                  0000646c    00000004     stk.aem4f : bind.oem4f (.text:BindGetIF)
                  00006470    00000174     sysbios.aem4f : BIOS.obj (.text:ti_sysbios_family_arm_m3_Hwi_excBusFault__I)
                  000065e4    00000170     stk.aem4f : rtc.oem4f (.text:RTCReport)
                  00006754    0000016c     nettool_ipv4.aem4f : dnscomn.oem4f (.text:DNSResolveExternal)
                  000068c0    0000016a     stk.aem4f : sb.oem4f (.text:SBRead)
                  00006a2a    00000006     driverlib.lib : emac.obj (.text:EMACRxDMADescriptorListSet)
                  00006a30    00000164     sysbios.aem4f : BIOS.obj (.text:ti_sysbios_family_arm_m3_Hwi_excUsageFault__I)
                  00006b94    00000160     stk.aem4f : sock.oem4f (.text:SockConnect)
                  00006cf4    00000158     nettool_ipv4.aem4f : dhcpmain.oem4f (.text:DHCPOpen)
                  00006e4c    00000004     stk.aem4f : bind.oem4f (.text:BindGetNext)
                  00006e50    00000154     sysbios.aem4f : BIOS.obj (.text:ti_sysbios_knl_Semaphore_pend__E)
                  00006fa4    00000150     drivers_tivaware.aem4f : GPIOTiva.oem4f (.text:GPIO_setConfig)
                  000070f4    00000004     http_ndk.aem4f : httpcli.oem4f (.text:HTTPCli_construct)
                  000070f8    00000150     sysbios.aem4f : BIOS.obj (.text:ti_sysbios_knl_Task_Instance_finalize__E)
                  00007248    00000148                   : BIOS.obj (.text:ti_sysbios_family_arm_m3_Hwi_excMemFault__I)
                  00007390    00000144     stk.aem4f : bind.oem4f (.text:BindNew)
                  000074d4    00000140               : tcp.oem4f (.text:TcpTimeoutCheck)
                  00007614    0000013c     nettool_ipv4.aem4f : config.oem4f (.text:CfgAddEntry)
                  00007750    0000013c     stk.aem4f : sockint.oem4f (.text:SockNotify)
                  0000788c    0000013c               : sock.oem4f (.text:SockSend)
                  000079c8    0000013c     rtsv7M4_T_le_v4SPD16_eabi.lib : _printfi.c.obj (.text:_pconv_e)
                  00007b04    00000136     nettool_ipv4.aem4f : dnspkt.oem4f (.text:DNSGetReply)
                  00007c3a    00000136     rtsv7M4_T_le_v4SPD16_eabi.lib : fd_div_t2.asm.obj (.text)
                  00007d70    00000134     stk.aem4f : icmp.oem4f (.text:ICMPGenPacket)
                  00007ea4    00000132     nettool_ipv4.aem4f : dnspkt.oem4f (.text:DNSReadRecord)
                  00007fd6    00000130     driverlib.lib : gpio.obj (.text:GPIOPadConfigSet)
                  00008106    00000002     hal_userled_stub.aem4f : llled.oem4f (.text:_llUserLedInit)
                  00008108    0000012c     EK_TM4C1294XL.obj (.text:EK_TM4C1294XL_initEMAC)
                  00008234    00000128     http_ndk.aem4f : httpcli.oem4f (.text:contentHandler)
                  0000835c    00000124     stk.aem4f : sockpcb.oem4f (.text:SockPcbResolve)
                  00008480    00000124               : udp.oem4f (.text:UdpOutput)
                  000085a4    00000120     rtsv7M4_T_le_v4SPD16_eabi.lib : _printfi.c.obj (.text:fcvt)
                  000086c4    00000120     httpget_pem4f.oem4f (.text:ti_ndk_config_Global_stackThread)
                  000087e4    00000118     http_ndk.aem4f : httpcli.oem4f (.text:HTTPCli_connect)
                  000088fc    00000118     stk.aem4f : tcpout.oem4f (.text:TcpGenPacket)
                  00008a14    00000118     ti.targets.arm.rtsarm.aem4f : Error.oem4f (.text:xdc_runtime_Error_policyDefault__E)
                  00008b2c    00000114     stk.aem4f : nimu.oem4f (.text:NIMUIoctl)
                  00008c40    00000110               : node.oem4f (.text:NodeTreeFree)
                  00008d50    00000110               : raw.oem4f (.text:RawInput)
                  00008e60    00000110     rtsv7M4_T_le_v4SPD16_eabi.lib : s_scalbn.c.obj (.text:scalbn)
                  00008f70    00000110                                   : strtoul.c.obj (.text:strtoul)
                  00009080    0000010c     stk.aem4f : rtable.oem4f (.text:RtFind)
                  0000918c    0000010a               : route.oem4f (.text:RtCreate)
                  00009296    00000002     hal_userled_stub.aem4f : llled.oem4f (.text:_llUserLedShutdown)
                  00009298    00000108     drivers_tivaware.aem4f : EMACSnow.oem4f (.text:EMACSnow_emacStart)
                  000093a0    00000108     sysbios.aem4f : BIOS.obj (.text:ti_sysbios_family_arm_lm4_Timer_start__E)
                  000094a8    00000106     http_ndk.aem4f : httpcli.oem4f (.text:HTTPCli_getResponseField)
                  000095ae    00000002     rtsv7M4_T_le_v4SPD16_eabi.lib : _lock.c.obj (.text:_nop)
                  000095b0    00000104     os.aem4f : task.oem4f (.text:llEnter)
                  000096b4    00000102     nettool_ipv4.aem4f : dhcppkt.oem4f (.text:dhcpPacketProcess)
                  000097b6    00000102                        : inetaddr.oem4f (.text:inet_aton)
                  000098b8    00000100     stk.aem4f : igmp.oem4f (.text:IGMPSendReply)
                  000099b8    00000100     ti.targets.arm.rtsarm.aem4f : Core-mem.oem4f (.text:xdc_runtime_Core_createObject__I)
                  00009ab8    000000fc     netctrl_min_ipv4.aem4f : netctrl.oem4f (.text:NetScheduler)
                  00009bb4    000000fc     rtsv7M4_T_le_v4SPD16_eabi.lib : fd_mul_t2.asm.obj (.text)
                  00009cb0    000000f8     stk.aem4f : pipe.oem4f (.text:PipeRecv)
                  00009da8    000000f8     ti.targets.arm.rtsarm.aem4f : Startup.oem4f (.text:xdc_runtime_Startup_startMods__I)
                  00009ea0    000000f8     httpget_pem4f.oem4f (.text:xdc_runtime_System_printfExtend__I)
                  00009f98    000000f4     os.aem4f : task.oem4f (.text:TaskGetEnv)
                  0000a08c    000000f4     sysbios.aem4f : m3_Hwi_asm.obj (.text:ti_sysbios_family_arm_m3_Hwi_dispatch__I)
                  0000a180    000000f4                   : BIOS.obj (.text:ti_sysbios_knl_Task_Instance_init__E)
                  0000a274    000000f2     http_ndk.aem4f : httpcli.oem4f (.text:bufferedRecv)
                  0000a366    00000002     hal_ser_stub.aem4f : llserstb.oem4f (.text:llSerialService)
                  0000a368    000000f0     stk.aem4f : lliout.oem4f (.text:LLIGenArpPacket)
                  0000a458    000000f0               : sock.oem4f (.text:SockClose)
                  0000a548    000000ee     nettool_ipv4.aem4f : dnspkt.oem4f (.text:DNSWriteRecord)
                  0000a636    00000002     rtsv7M4_T_le_v4SPD16_eabi.lib : div0.asm.obj (.text)
                  0000a638    000000ec     http_ndk.aem4f : httpcli.oem4f (.text:redirect)
                  0000a724    000000ec     httpget.obj (.text:swi0ISR)
                  0000a810    000000ec     sysbios.aem4f : BIOS.obj (.text:ti_sysbios_knl_Task_postInit__I)
                  0000a8fc    000000e8     os.aem4f : task.oem4f (.text:TaskSetEnv)
                  0000a9e4    000000e8     httpget.obj (.text:main)
                  0000aacc    000000e6     nettool_ipv4.aem4f : dnspkt.oem4f (.text:DNSWriteName)
                  0000abb2    00000002     httpget_pem4f.oem4f (.text:ti_ndk_config_Global_NetworkClose)
                  0000abb4    000000e6     http_ndk.aem4f : httpcli.oem4f (.text:HTTPCli_initSockAddr)
                  0000ac9a    00000002     httpget_pem4f.oem4f (.text:ti_ndk_config_Global_NetworkOpen)
                  0000ac9c    000000e0     stk.aem4f : tcptime.oem4f (.text:TcpTimeoutRexmt)
                  0000ad7c    000000dc               : sb.oem4f (.text:SBWrite)
                  0000ae58    000000dc     nettool_ipv4.aem4f : dhcpsock.oem4f (.text:dhcpSocketOpen)
                  0000af34    000000dc                        : dhcpsm.oem4f (.text:dhcpState)
                  0000b010    000000d8     stk.aem4f : node.oem4f (.text:NodeAdd)
                  0000b0e8    000000d8               : tcpprot.oem4f (.text:TcpPrSetOption)
                  0000b1c0    000000d4     drivers_tivaware.aem4f : EMACSnow.oem4f (.text:EMACSnow_handleRx)
                  0000b294    000000d4     stk.aem4f : sockpcb.oem4f (.text:SockPcbBind)
                  0000b368    000000d4     httpget.obj (.text:netIPAddrHook)
                  0000b43c    00000004     os.aem4f : ossys.oem4f (.text:NDK_vsprintf)
                  0000b440    000000d4     sysbios.aem4f : BIOS.obj (.text:ti_sysbios_heaps_HeapMem_alloc__E)
                  0000b514    000000d1     stk.aem4f : nimu.oem4f (.text:NIMUReceivePacket)
                  0000b5e5    00000001     --HOLE-- [fill = 0]
                  0000b5e6    00000002     httpget_pem4f.oem4f (.text:ti_sysbios_BIOS_nullFunc__I)
                  0000b5e8    000000cc     stk.aem4f : icmp.oem4f (.text:ICMPSendRtAdv)
                  0000b6b4    000000cc     nettool_ipv4.aem4f : dhcpbild.oem4f (.text:dhcpBuildHeader)
                  0000b780    000000cc                        : dhcpsm.oem4f (.text:dhcpIPAdd)
                  0000b84c    000000cc                        : dhcppkt.oem4f (.text:dhcpVerifyMessage)
                  0000b918    000000cc     ti.targets.arm.rtsarm.aem4f : Core-smem.oem4f (.text:xdc_runtime_Core_constructObject__I)
                  0000b9e4    000000c8     stk.aem4f : rawethsock.oem4f (.text:RawEthSockNew)
                  0000baac    000000c8     netctrl_min_ipv4.aem4f : netsrv.oem4f (.text:SPIpNet)
                  0000bb74    00000004     stk.aem4f : node.oem4f (.text:NodeSetRt)
                  0000bb78    000000c8     sysbios.aem4f : BIOS.obj (.text:ti_sysbios_knl_Task_sleep__E)
                  0000bc40    000000c4     drivers_tivaware.aem4f : EMACSnow.oem4f (.text:EMACSnow_InitDMADescriptors)
                  0000bd04    000000c4     stk.aem4f : igmp.oem4f (.text:IGMPJoinHostGroup)
                  0000bdc8    000000c4     nettool_ipv4.aem4f : dhcpsm.oem4f (.text:StateBound)
                  0000be8c    000000c4     http_ndk.aem4f : httpcli.oem4f (.text:getChunkedData)
                  0000bf50    000000c2     nettool_ipv4.aem4f : dnspkt.oem4f (.text:DNSReadName)
                  0000c012    00000002     httpget_pem4f.oem4f (.text:xdc_runtime_Startup_reset__I)
                  0000c014    000000be     nettool_ipv4.aem4f : dnsclnt.oem4f (.text:DNSGetHostByName)
                  0000c0d2    000000bc     stk.aem4f : sockpcb.oem4f (.text:SockPcbFind)
                  0000c18e    00000002     --HOLE-- [fill = 0]
                  0000c190    000000bc               : vlan.oem4f (.text:VLANDeinit)
                  0000c24c    00000004               : rawethsock_prot.oem4f (.text:RawEthSockPrAttach)
                  0000c250    000000bc     sysbios.aem4f : BIOS.obj (.text:ti_sysbios_family_arm_m3_Hwi_excDebugMon__I)
                  0000c30c    00000004     stk.aem4f : rawethsock_prot.oem4f (.text:RawEthSockPrDetach)
                  0000c310    000000bc     sysbios.aem4f : BIOS.obj (.text:ti_sysbios_family_arm_m3_Hwi_excHardFault__I)
                  0000c3cc    000000b8     EK_TM4C1294XL.obj (.text:EK_TM4C1294XL_initGeneral)
                  0000c484    000000b8     stk.aem4f : icmpin.oem4f (.text:ICMPRevSrcRoute)
                  0000c53c    000000b8               : lli.oem4f (.text:_LLITimeoutCheck)
                  0000c5f4    00000004     os.aem4f : semaphore.oem4f (.text:SemPend)
                  0000c5f8    000000b8     sysbios.aem4f : BIOS.obj (.text:ti_sysbios_knl_Task_exit__E)
                  0000c6b0    000000b4     stk.aem4f : tcptime.oem4f (.text:TcpTimeoutKeep)
                  0000c764    000000b4     http_ndk.aem4f : httpcli.oem4f (.text:getStatus)
                  0000c818    000000b4     sysbios.aem4f : BIOS.obj (.text:ti_sysbios_knl_Task_checkStacks__E)
                  0000c8cc    000000b1     rtsv7M4_T_le_v4SPD16_eabi.lib : _printfi.c.obj (.text:_ltostr)
                  0000c97d    00000003     --HOLE-- [fill = 0]
                  0000c980    000000b1     nettool_ipv4.aem4f : inetaddr.oem4f (.text:createAddrInfo)
                  0000ca31    00000001     --HOLE-- [fill = 0]
                  0000ca32    000000b0     stk.aem4f : rawethsock.oem4f (.text:RawEthSockSet)
                  0000cae2    00000002     --HOLE-- [fill = 0]
                  0000cae4    000000ac               : rtable.oem4f (.text:RtTimeoutCheck)
                  0000cb90    000000ac     http_ndk.aem4f : httpcli.oem4f (.text:httpProxyTunnel)
                  0000cc3c    00000004     os.aem4f : semaphore.oem4f (.text:SemPost)
                  0000cc40    000000ac     sysbios.aem4f : BIOS.obj (.text:ti_sysbios_family_arm_lm4_Timer_enableTiva__I)
                  0000ccec    000000aa     network_ndk.aem4f : ssock.oem4f (.text:Ssock_send)
                  0000cd96    00000002     --HOLE-- [fill = 0]
                  0000cd98    000000a8     stk.aem4f : sockint.oem4f (.text:SockCreatePacket)
                  0000ce40    000000a4     sysbios.aem4f : BIOS.obj (.text:ti_sysbios_knl_Task_setPri__E)
                  0000cee4    000000a0     stk.aem4f : ip.oem4f (.text:IPGetRoute)
                  0000cf84    000000a0     auto_init.aem4f : auto_init.oem4f (.text)
                  0000d024    000000a0     ti.targets.arm.rtsarm.aem4f : Text.oem4f (.text:xdc_runtime_Text_putMod__E)
                  0000d0c4    0000009e     stk.aem4f : nimu.oem4f (.text:NIMUAddEthernetHeader)
                  0000d162    0000009e     nettool_ipv4.aem4f : dhcpbild.oem4f (.text:dhcpBuildRequest)
                  0000d200    0000009c     stk.aem4f : exec.oem4f (.text:ExecOpen)
                  0000d29c    0000009c     rtsv7M4_T_le_v4SPD16_eabi.lib : memcpy_t2.asm.obj (.text)
                  0000d338    0000009a     ti.targets.arm.rtsarm.aem4f : Text.oem4f (.text:xdc_runtime_Text_putSite__E)
                  0000d3d2    00000002     --HOLE-- [fill = 0]
                  0000d3d4    00000098     netctrl_min_ipv4.aem4f : netctrl.oem4f (.text:NC_SystemOpen)
                  0000d46c    00000098                            : netsrv.oem4f (.text:ServiceScan)
                  0000d504    00000098     Boot.aem4f : Boot.oem4f (.text:ti_catalog_arm_cortexm4_tiva_ce_Boot_sysCtlClockFreqSet__E)
                  0000d59c    00000004     os.aem4f : semaphore.oem4f (.text:SemReset)
                  0000d5a0    00000098     sysbios.aem4f : BIOS.obj (.text:ti_sysbios_knl_Task_schedule__I)
                  0000d638    00000096     rtsv7M4_T_le_v4SPD16_eabi.lib : ull_div_t2.asm.obj (.text)
                  0000d6ce    00000002     --HOLE-- [fill = 0]
                  0000d6d0    00000094     nettool_ipv4.aem4f : config.oem4f (.text:CfgRemoveEntry)
                  0000d764    00000004     network_ndk.aem4f : ssock.oem4f (.text:Ssock_getSocket)
                  0000d768    00000094     sysbios.aem4f : BIOS.obj (.text:ti_sysbios_family_arm_m3_Hwi_Instance_init__E)
                  0000d7fc    00000004     os.aem4f : task.oem4f (.text:TaskSelf)
                  0000d800    00000094     sysbios.aem4f : BIOS.obj (.text:ti_sysbios_family_arm_m3_Hwi_initNVIC__E)
                  0000d894    00000090     nettool_ipv4.aem4f : config.oem4f (.text:CfgExecute)
                  0000d924    00000090     stk.aem4f : igmp.oem4f (.text:IGMPMsg)
                  0000d9b4    00000090     os.aem4f : mem.oem4f (.text:mmBulkAlloc)
                  0000da44    00000090     http_ndk.aem4f : httpcli.oem4f (.text:readLine)
                  0000dad4    00000004     os.aem4f : task.oem4f (.text:TaskSetPri)
                  0000dad8    00000090     sysbios.aem4f : BIOS.obj (.text:ti_sysbios_knl_Task_Module_startup__E)
                  0000db68    00000090                   : BIOS.obj (.text:ti_sysbios_knl_Task_startCore__E)
                  0000dbf8    0000008c     nettool_ipv4.aem4f : dnscomn.oem4f (.text:DNSResolveQuery)
                  0000dc84    0000008c     drivers_tivaware.aem4f : GPIOTiva.oem4f (.text:GPIO_init)
                  0000dd10    0000008c     stk.aem4f : ip.oem4f (.text:IPMsg)
                  0000dd9c    0000008c     os.aem4f : mem.oem4f (.text:_mmInit)
                  0000de28    0000008c              : mem.oem4f (.text:mmInitPage)
                  0000deb4    0000008c     sysbios.aem4f : m3_TaskSupport_asm.obj (.text:ti_sysbios_family_arm_m3_TaskSupport_buildTaskStack)
                  0000df40    0000008a     netctrl_min_ipv4.aem4f : netsrv.oem4f (.text:SPRoute)
                  0000dfca    00000002     --HOLE-- [fill = 0]
                  0000dfcc    00000088                            : netsrv.oem4f (.text:ServiceSpawn)
                  0000e054    00000088     stk.aem4f : sockpcb.oem4f (.text:SockPcbCtlError)
                  0000e0dc    00000087     httpget_pem4f.oem4f (.text:ti_ndk_config_Global_NetworkIPAddr)
                  0000e163    00000001     --HOLE-- [fill = 0]
                  0000e164    00000086     nettool_ipv4.aem4f : dhcpsm.oem4f (.text:StateRequesting)
                  0000e1ea    00000086     rtsv7M4_T_le_v4SPD16_eabi.lib : fd_cmp_t2.asm.obj (.text:__aeabi_cdcmple)
                  0000e270    00000086                                   : fd_cmp_t2.asm.obj (.text:__aeabi_cdrcmple)
                  0000e2f6    00000002     --HOLE-- [fill = 0]
                  0000e2f8    00000084     nettool_ipv4.aem4f : config.oem4f (.text:CfgGetEntry)
                  0000e37c    00000084     drivers_tivaware.aem4f : EMACSnow.oem4f (.text:EMACSnow_processPhyInterrupt)
                  0000e400    00000084     stk.aem4f : tcpprot.oem4f (.text:TcpPrAttach)
                  0000e484    00000084     os.aem4f : mem.oem4f (.text:mmBulkFree)
                  0000e508    00000084              : mem.oem4f (.text:mmFree)
                  0000e58c    00000004     hal_ser_stub.aem4f : llserstb.oem4f (.text:_llSerialInit)
                  0000e590    00000084     sysbios.aem4f : BIOS.obj (.text:ti_sysbios_family_arm_m3_Hwi_postInit__I)
                  0000e614    00000082     nettool_ipv4.aem4f : dhcpsm.oem4f (.text:StateRenewRebind)
                  0000e696    00000002     --HOLE-- [fill = 0]
                  0000e698    00000080     drivers_tivaware.aem4f : EMACSnow.oem4f (.text:EMACSnow_emacStop)
                  0000e718    00000080                            : EMACSnow.oem4f (.text:EMACSnow_processPendingTx)
                  0000e798    00000080     stk.aem4f : lli.oem4f (.text:LLINew)
                  0000e818    00000080     netctrl_min_ipv4.aem4f : netsrv.oem4f (.text:NS_BootTask)
                  0000e898    00000080     stk.aem4f : pbm.oem4f (.text:PBM_alloc)
                  0000e918    00000080               : raw.oem4f (.text:RawOutput)
                  0000e998    0000007e               : fileuser.oem4f (.text:fdClose)
                  0000ea16    00000002     --HOLE-- [fill = 0]
                  0000ea18    0000007c     nettool_ipv4.aem4f : config.oem4f (.text:CfgGetNextEntry)
                  0000ea94    0000007c     drivers_tivaware.aem4f : EMACSnow.oem4f (.text:EMACSnow_hwiIntFxn)
                  0000eb10    0000007c     stk.aem4f : igmp.oem4f (.text:IGMPDoMCast)
                  0000eb8c    0000007c               : igmp.oem4f (.text:IGMPJoin)
                  0000ec08    0000007c               : socket.oem4f (.text:NDK_setsockopt)
                  0000ec84    0000007c               : nimu.oem4f (.text:NIMURegister)
                  0000ed00    0000007c               : pbm.oem4f (.text:PBM_free)
                  0000ed7c    0000007c     nettool_ipv4.aem4f : inetaddr.oem4f (.text:inet_pton)
                  0000edf8    0000007c     sysbios.aem4f : BIOS.obj (.text:ti_sysbios_heaps_HeapMem_free__E)
                  0000ee74    0000007a     driverlib.lib : adc.obj (.text:ADCSequenceStepConfigure)
                  0000eeee    0000007a     rtsv7M4_T_le_v4SPD16_eabi.lib : memset_t2.asm.obj (.text)
                  0000ef68    00000078     driverlib.lib : emac.obj (.text:EMACInit)
                  0000efe0    00000078     stk.aem4f : socket.oem4f (.text:NDK_sendto)
                  0000f058    00000078               : tcptime.oem4f (.text:TcpXmitTimer)
                  0000f0d0    00000078               : fileuser.oem4f (.text:fdOpenSession)
                  0000f148    00000078     os.aem4f : task.oem4f (.text:llExit)
                  0000f1c0    00000076     stk.aem4f : pipe.oem4f (.text:PipeSend)
                  0000f236    00000002     --HOLE-- [fill = 0]
                  0000f238    00000075               : tcptime.oem4f (.text:TcpTimeoutSackRexmt)
                  0000f2ad    00000003     --HOLE-- [fill = 0]
                  0000f2b0    00000074               : igmp.oem4f (.text:IGMPLeaveHostGroup)
                  0000f324    00000074               : nimu.oem4f (.text:NIMUShutdown)
                  0000f398    00000074               : raweth.oem4f (.text:RawEthRxPacket)
                  0000f40c    00000074               : sockpcb.oem4f (.text:SockPcbConnect)
                  0000f480    00000074     nettool_ipv4.aem4f : inetaddr.oem4f (.text:setAddrInfo)
                  0000f4f4    00000072     os.aem4f : semaphore.oem4f (.text:SemCreateBinary)
                  0000f566    00000002     --HOLE-- [fill = 0]
                  0000f568    00000070     http_ndk.aem4f : httpcli.oem4f (.text:HTTPCli_sendRequest)
                  0000f5d8    00000070     stk.aem4f : socket.oem4f (.text:NDK_send)
                  0000f648    00000070               : rtable.oem4f (.text:RtFlush)
                  0000f6b8    00000070     netctrl_min_ipv4.aem4f : netsrv.oem4f (.text:SPConfig)
                  0000f728    00000070     stk.aem4f : sock.oem4f (.text:SockShutdown)
                  0000f798    00000070     nettool_ipv4.aem4f : dhcptags.oem4f (.text:dhcpDecodeType)
                  0000f808    00000070     sysbios.aem4f : BIOS.obj (.text:ti_sysbios_knl_Clock_workFunc__E)
                  0000f878    0000006e     stk.aem4f : socket.oem4f (.text:NDK_recv)
                  0000f8e6    00000002     --HOLE-- [fill = 0]
                  0000f8e8    0000006e               : rtable.oem4f (.text:RtWalkNext)
                  0000f956    0000006e               : sockpcb.oem4f (.text:SockPcbFindRaw)
                  0000f9c4    0000006e     rtsv7M4_T_le_v4SPD16_eabi.lib : _printfi.c.obj (.text:_mcpy)
                  0000fa32    00000002     --HOLE-- [fill = 0]
                  0000fa34    0000006d     stk.aem4f : node.oem4f (.text:NodeNew)
                  0000faa1    00000003     --HOLE-- [fill = 0]
                  0000faa4    0000006d     ti.targets.arm.rtsarm.aem4f : System.oem4f (.text:xdc_runtime_System_formatNum__I)
                  0000fb11    00000003     --HOLE-- [fill = 0]
                  0000fb14    0000006c     os.aem4f : ossys.oem4f (.text:DbgPrintf)
                  0000fb80    0000006c     stk.aem4f : node.oem4f (.text:NodeTreeNew)
                  0000fbec    0000006c               : raweth.oem4f (.text:RawEthTxPacket)
                  0000fc58    0000006c               : udp.oem4f (.text:UdpChecksum)
                  0000fcc4    0000006c     http_ndk.aem4f : httpcli.oem4f (.text:checkContentField)
                  0000fd30    0000006c     httpget_pem4f.oem4f (.text:ti_ndk_config_ip_init)
                  0000fd9c    00000004     rtsv7M4_T_le_v4SPD16_eabi.lib : exit.c.obj (.text:abort:abort)
                  0000fda0    0000006c     sysbios.aem4f : BIOS.obj (.text:ti_sysbios_knl_Swi_restoreHwi__E)
                  0000fe0c    0000006c     ti.targets.arm.rtsarm.aem4f : Error.oem4f (.text:xdc_runtime_Error_print__E)
                  0000fe78    0000006c                                 : Memory.oem4f (.text:xdc_runtime_Memory_alloc__E)
                  0000fee4    0000006a     stk.aem4f : tcpprot.oem4f (.text:TcpPrInherit)
                  0000ff4e    00000068               : socket.oem4f (.text:NDK_socket)
                  0000ffb6    00000002     --HOLE-- [fill = 0]
                  0000ffb8    00000068               : pbm.oem4f (.text:PBM_open)
                  00010020    00000068               : rtable.oem4f (.text:_RtNodeInsert)
                  00010088    00000068     rtsv7M4_T_le_v4SPD16_eabi.lib : copy_decompress_lzss.c.obj (.text:decompress:lzss:__TI_decompress_lzss)
                  000100f0    00000066     ti.targets.arm.rtsarm.aem4f : Core-mem.oem4f (.text:xdc_runtime_Core_deleteObject__I)
                  00010156    00000002     --HOLE-- [fill = 0]
                  00010158    00000064     nettool_ipv4.aem4f : config.oem4f (.text:CfgFree)
                  000101bc    00000064     drivers_tivaware.aem4f : GPIOTiva.oem4f (.text:GPIO_hwiIntFxn)
                  00010220    00000064     stk.aem4f : pbm.oem4f (.text:PBMQ_enq)
                  00010284    00000064               : sockint.oem4f (.text:SockSpawnAbort)
                  000102e8    00000064     rtsv7M4_T_le_v4SPD16_eabi.lib : s_frexp.c.obj (.text:frexp)
                  0001034c    00000064     hal_timer_bios.aem4f : lltimer.oem4f (.text:llTimerTick)
                  000103b0    00000064     sysbios.aem4f : BIOS.obj (.text:ti_sysbios_family_arm_lm4_Timer_Module_startup__E)
                  00010414    00000064     httpget_pem4f.oem4f (.text:ti_sysbios_family_arm_m3_Hwi_create)
                  00010478    00000064     sysbios.aem4f : BIOS.obj (.text:ti_sysbios_family_arm_m3_Hwi_dispatchC__I)
                  000104dc    00000004     stk.aem4f : listlib.oem4f (.text:list_get_head)
                  000104e0    00000064     sysbios.aem4f : BIOS.obj (.text:ti_sysbios_knl_Semaphore_post__E)
                  00010544    00000064     stk.aem4f : lliin.oem4f (.text:updateRtTable)
                  000105a8    00000062               : ipin.oem4f (.text:IPRouteIP)
                  0001060a    00000002     --HOLE-- [fill = 0]
                  0001060c    00000062               : sb.oem4f (.text:SBNew)
                  0001066e    00000002     --HOLE-- [fill = 0]
                  00010670    00000060     nettool_ipv4.aem4f : config.oem4f (.text:CfgGetEntryCnt)
                  000106d0    00000060     stk.aem4f : file.oem4f (.text:FdWaitEvent)
                  00010730    00000060               : nimu.oem4f (.text:NIMUUnregister)
                  00010790    00000060               : node.oem4f (.text:NodeFind)
                  000107f0    00000060               : rtc.oem4f (.text:RTCMsg)
                  00010850    00000060               : tcp.oem4f (.text:TcpChecksum)
                  000108b0    00000060     nettool_ipv4.aem4f : dhcptags.oem4f (.text:dhcpBuildOptions)
                  00010910    00000060     httpget_pem4f.oem4f (.text:ti_ndk_config_Global_serviceReport)
                  00010970    0000005e     stk.aem4f : route.oem4f (.text:RtRemove)
                  000109ce    0000005e     nettool_ipv4.aem4f : dhcpsm.oem4f (.text:StateSelecting)
                  00010a2c    0000005e     stk.aem4f : vlan.oem4f (.text:VLANReceivePacket)
                  00010a8a    00000002     --HOLE-- [fill = 0]
                  00010a8c    0000005c     nettool_ipv4.aem4f : config.oem4f (.text:CfgSetExecuteOrder)
                  00010ae8    0000005c     stk.aem4f : nimu.oem4f (.text:NIMUIoctlSpecialCmd)
                  00010b44    0000005c     netctrl_min_ipv4.aem4f : netsrv.oem4f (.text:SPService)
                  00010ba0    0000005c     httpget_pem4f.oem4f (.text:ti_sysbios_knl_Swi_create)
                  00010bfc    00000004     stk.aem4f : listlib.oem4f (.text:list_get_next)
                  00010c00    0000005c     sysbios.aem4f : BIOS.obj (.text:ti_sysbios_knl_Swi_run__I)
                  00010c5c    00000004     http_ndk.aem4f : httpcli.oem4f (.text:threadExit)
                  00010c60    0000005c     sysbios.aem4f : BIOS.obj (.text:ti_sysbios_knl_Swi_schedule__I)
                  00010cbc    0000005c     httpget_pem4f.oem4f (.text:ti_sysbios_knl_Task_create)
                  00010d18    0000005c     sysbios.aem4f : BIOS.obj (.text:ti_sysbios_knl_Task_unblockI__E)
                  00010d74    0000005b     ti.targets.arm.rtsarm.aem4f : Text.oem4f (.text:xdc_runtime_Text_putLab__E)
                  00010dcf    00000001     --HOLE-- [fill = 0]
                  00010dd0    0000005a     stk.aem4f : route.oem4f (.text:RtRedirect)
                  00010e2a    0000005a               : tcpprot.oem4f (.text:TcpValidateMetrics)
                  00010e84    0000005a     nettool_ipv4.aem4f : dhcpbild.oem4f (.text:dhcpBuildDecline)
                  00010ede    0000005a     os.aem4f : mem.oem4f (.text:mmCopy)
                  00010f38    0000005a     httpget_pem4f.oem4f (.text:ti_ndk_config_tcp_init)
                  00010f92    00000002     --HOLE-- [fill = 0]
                  00010f94    00000058     stk.aem4f : bind.oem4f (.text:BindFree)
                  00010fec    00000058     boot.aem4f : boot.oem4f (.text)
                  00011044    00000058     driverlib.lib : emac.obj (.text:EMACPHYConfigSet)
                  0001109c    00000058     rtsv7M4_T_le_v4SPD16_eabi.lib : hostwrite.c.obj (.text:HOSTwrite)
                  000110f4    00000058     stk.aem4f : igmp.oem4f (.text:IGMPTimer)
                  0001114c    00000058     os.aem4f : semaphore.oem4f (.text:SemCreate)
                  000111a4    00000058     sysbios.aem4f : m3_Hwi_asm_switch.obj (.text:ti_sysbios_family_arm_m3_Hwi_initStacks__E)
                  000111fc    00000056     driverlib.lib : gpio.obj (.text:GPIOIntTypeSet)
                  00011252    00000056     rtsv7M4_T_le_v4SPD16_eabi.lib : _printfi.c.obj (.text:_pconv_f)
                  000112a8    00000056     http_ndk.aem4f : httpcli.oem4f (.text:sprsend)
                  000112fe    00000002     --HOLE-- [fill = 0]
                  00011300    00000054     nettool_ipv4.aem4f : config.oem4f (.text:CfgEntryDeRef)
                  00011354    00000054     http_ndk.aem4f : httpcli.oem4f (.text:HTTPCli_sendField)
                  000113a8    00000054     stk.aem4f : igmp.oem4f (.text:IGMPLeave)
                  000113fc    00000054               : rawethsock_pcb.oem4f (.text:RawEthSockPcbAttach)
                  00011450    00000054               : sockpcb.oem4f (.text:SockCleanPcb)
                  000114a4    00000054               : tcptime.oem4f (.text:TcpTimeoutPersist)
                  000114f8    00000054     http_ndk.aem4f : httpcli.oem4f (.text:asyncThread)
                  0001154c    00000054     rtsv7M4_T_le_v4SPD16_eabi.lib : ltoa.c.obj (.text:ltoa)
                  000115a0    00000054     sysbios.aem4f : BIOS.obj (.text:ti_sysbios_family_arm_lm4_Timer_initDevice__I)
                  000115f4    00000004     httpget_pem4f.oem4f (.text:ti_sysbios_BIOS_RtsGateProxy_enter__E)
                  000115f8    00000054     sysbios.aem4f : BIOS.obj (.text:ti_sysbios_knl_Swi_Instance_init__E)
                  0001164c    00000054     ti.targets.arm.rtsarm.aem4f : Assert.oem4f (.text:xdc_runtime_Assert_raise__I)
                  000116a0    00000052     nettool_ipv4.aem4f : dnscomn.oem4f (.text:DNSReplyFree)
                  000116f2    00000052     stk.aem4f : tcpprot.oem4f (.text:TcpPrDetach)
                  00011744    00000052     rtsv7M4_T_le_v4SPD16_eabi.lib : _printfi.c.obj (.text:_ecpy)
                  00011796    00000002     --HOLE-- [fill = 0]
                  00011798    00000050     drivers_tivaware.aem4f : GPIOTiva.oem4f (.text:GPIO_setCallback)
                  000117e8    00000050                            : GPIOTiva.oem4f (.text:GPIO_write)
                  00011838    00000050     stk.aem4f : socket.oem4f (.text:NDK_bind)
                  00011888    00000050               : socket.oem4f (.text:NDK_connect)
                  000118d8    00000050               : route.oem4f (.text:RtNew)
                  00011928    00000050     driverlib.lib : sysctl.obj (.text:SysCtlPeripheralReset)
                  00011978    00000050     Boot.aem4f : Boot_sysctl.oem4f (.text:_SysCtlFrequencyGet)
                  000119c8    00000050     sysbios.aem4f : BIOS.obj (.text:ti_sysbios_family_arm_m3_Hwi_Module_startup__E)
                  00011a18    00000050                   : BIOS.obj (.text:ti_sysbios_knl_Clock_Instance_init__E)
                  00011a68    00000050     ti.targets.arm.rtsarm.aem4f : Startup.oem4f (.text:xdc_runtime_Startup_exec__E)
                  00011ab8    00000050                                 : Text.oem4f (.text:xdc_runtime_Text_visitRope2__I)
                  00011b08    0000004e     stk.aem4f : node.oem4f (.text:NodeDeRef)
                  00011b56    0000004e     nettool_ipv4.aem4f : config.oem4f (.text:_CfgEntryScan)
                  00011ba4    0000004c                        : ipaddr.oem4f (.text:NtAddNetwork)
                  00011bf0    0000004c     stk.aem4f : sockint.oem4f (.text:SockValidateRoute)
                  00011c3c    0000004c     rtsv7M4_T_le_v4SPD16_eabi.lib : atoi.c.obj (.text:atoi)
                  00011c88    0000004c                                   : cpy_tbl.c.obj (.text:copy_in)
                  00011cd4    00000004     httpget_pem4f.oem4f (.text:ti_sysbios_BIOS_RtsGateProxy_leave__E)
                  00011cd8    0000004c     sysbios.aem4f : BIOS.obj (.text:ti_sysbios_heaps_HeapMem_getStats__E)
                  00011d24    00000004                   : BIOS.obj (.text:ti_sysbios_family_arm_lm4_Timer_masterEnable__I)
                  00011d28    0000004c                   : BIOS.obj (.text:ti_sysbios_knl_Swi_runLoop__I)
                  00011d74    00000004     httpget_pem4f.oem4f (.text:ti_sysbios_family_arm_m3_Hwi_delete)
                  00011d78    0000004c     sysbios.aem4f : BIOS.obj (.text:ti_sysbios_knl_Task_allBlockedFunction__I)
                  00011dc4    0000004a     netctrl_min_ipv4.aem4f : netsrv.oem4f (.text:ServiceKill)
                  00011e0e    0000004a     stk.aem4f : sock.oem4f (.text:SockDisconnect)
                  00011e58    0000004a               : timer.oem4f (.text:TimerNew)
                  00011ea2    00000048     nettool_ipv4.aem4f : config.oem4f (.text:CfgNew)
                  00011eea    00000002     --HOLE-- [fill = 0]
                  00011eec    00000048     driverlib.lib : gpio.obj (.text:GPIOPinConfigure)
                  00011f34    00000048     stk.aem4f : lli.oem4f (.text:LLIMsg)
                  00011f7c    00000048               : node.oem4f (.text:NodeWalk)
                  00011fc4    00000048               : rawethsock_pcb.oem4f (.text:RawEthSockPcbDetach)
                  0001200c    00000048               : sockpcb.oem4f (.text:SockPcbResolveChain)
                  00012054    00000048               : tcpprot.oem4f (.text:TcpDrop)
                  0001209c    00000048               : lli.oem4f (.text:_LLIExpListInsert)
                  000120e4    00000048               : rtable.oem4f (.text:_RtExpListInsert)
                  0001212c    00000048               : file.oem4f (.text:fdint_lockfd)
                  00012174    00000048     rtsv7M4_T_le_v4SPD16_eabi.lib : fd_toi_t2.asm.obj (.text)
                  000121bc    00000004     httpget_pem4f.oem4f (.text:ti_sysbios_family_arm_m3_TaskSupport_Module__startupDone__S)
                  000121c0    00000048     sysbios.aem4f : BIOS.obj (.text:ti_sysbios_family_arm_lm4_Timer_enableTimers__I)
                  00012208    00000048                   : BIOS.obj (.text:ti_sysbios_family_arm_m3_Hwi_disableInterrupt__E)
                  00012250    00000048                   : BIOS.obj (.text:ti_sysbios_family_arm_m3_Hwi_enableInterrupt__E)
                  00012298    00000048                   : BIOS.obj (.text:ti_sysbios_family_arm_m3_Hwi_excReserved__I)
                  000122e0    00000048                   : BIOS.obj (.text:ti_sysbios_knl_Task_deleteTerminatedTasksFunc__I)
                  00012328    00000046     nettool_ipv4.aem4f : ipaddr.oem4f (.text:NtIfIdx2Ip)
                  0001236e    00000046     stk.aem4f : rawethsock.oem4f (.text:RawEthSockSend)
                  000123b4    00000046               : tcpprot.oem4f (.text:TcpPrCtlError)
                  000123fa    00000046     os.aem4f : mem.oem4f (.text:mmZeroInit)
                  00012440    00000046     ti.targets.arm.rtsarm.aem4f : Core-params.oem4f (.text:xdc_runtime_Core_assignParams__I)
                  00012486    00000002     --HOLE-- [fill = 0]
                  00012488    00000044     drivers_tivaware.aem4f : EMACSnow.oem4f (.text:EMACSnow_processTransmitted)
                  000124cc    00000044     stk.aem4f : icmp.oem4f (.text:ICMPChecksum)
                  00012510    00000044               : ipfrag.oem4f (.text:IPReasmFree)
                  00012554    00000044               : lli.oem4f (.text:LLIGetValidTime)
                  00012598    00000044               : rtable.oem4f (.text:RouteMsg)
                  000125dc    00000044               : rtable.oem4f (.text:RtWalkEnd)
                  00012620    00000044               : sockpcb.oem4f (.text:SockPcbDetach)
                  00012664    00000044               : timer.oem4f (.text:TimerListInsert)
                  000126a8    00000044     hal_timer_bios.aem4f : lltimer.oem4f (.text:llTimerGetTime)
                  000126ec    00000044     rtsv7M4_T_le_v4SPD16_eabi.lib : fd_tou_t2.asm.obj (.text)
                  00012730    00000044     sysbios.aem4f : BIOS.obj (.text:ti_sysbios_family_arm_lm4_Timer_isrStub__E)
                  00012774    00000004     httpget_pem4f.oem4f (.text:ti_sysbios_heaps_HeapMem_Module_GateProxy_enter__E)
                  00012778    00000044     sysbios.aem4f : BIOS.obj (.text:ti_sysbios_family_arm_m3_Hwi_getStackInfo__E)
                  000127bc    00000004     httpget_pem4f.oem4f (.text:ti_sysbios_heaps_HeapMem_Module_GateProxy_leave__E)
                  000127c0    00000044     sysbios.aem4f : BIOS.obj (.text:ti_sysbios_knl_Swi_post__E)
                  00012804    00000044     ti.targets.arm.rtsarm.aem4f : Error.oem4f (.text:xdc_runtime_Error_setX__E)
                  00012848    00000044                                 : SysMin.oem4f (.text:xdc_runtime_SysMin_flush__E)
                  0001288c    00000044                                 : Text.oem4f (.text:xdc_runtime_Text_xprintf__I)
                  000128d0    00000042     stk.aem4f : tcpprot.oem4f (.text:TcpPrSendOOB)
                  00012912    00000042               : fileuser.oem4f (.text:fdCloseSession)
                  00012954    00000040     nettool_ipv4.aem4f : dnspkt.oem4f (.text:DNSBuildRequest)
                  00012994    00000040     http_ndk.aem4f : httpcli.oem4f (.text:HTTPCli_readResponseBody)
                  000129d4    00000040     stk.aem4f : lliin.oem4f (.text:LLIValidateRoute)
                  00012a14    00000040               : pbm.oem4f (.text:PBM_copy)
                  00012a54    00000040               : sockpcb.oem4f (.text:SockPcbRtChange)
                  00012a94    00000040               : tcpprot.oem4f (.text:TcpPrSend)
                  00012ad4    00000040     httpget.obj (.text:initialize_ADC)
                  00012b14    00000040     rtsv7M4_T_le_v4SPD16_eabi.lib : u_divt2.asm.obj (.text)
                  00012b54    00000040                                   : sprintf.c.obj (.text:sprintf)
                  00012b94    00000040     http_ndk.aem4f : httpcli.oem4f (.text:threadCreate)
                  00012bd4    00000004     httpget_pem4f.oem4f (.text:ti_sysbios_knl_Clock_TimerProxy_getMaxTicks__E)
                  00012bd8    00000040     sysbios.aem4f : BIOS.obj (.text:ti_sysbios_family_arm_lm4_Timer_startup__E)
                  00012c18    00000040                   : BIOS.obj (.text:ti_sysbios_heaps_HeapMem_Instance_init__E)
                  00012c58    0000003e     driverlib.lib : adc.obj (.text:ADCSequenceConfigure)
                  00012c96    0000003e     nettool_ipv4.aem4f : dhcpmain.oem4f (.text:DHCPClose)
                  00012cd4    0000003e     stk.aem4f : nimu.oem4f (.text:NIMUAllocateName)
                  00012d12    0000003e     os.aem4f : task.oem4f (.text:TaskCreate)
                  00012d50    0000003e     stk.aem4f : tcpprot.oem4f (.text:TcpPrDisconnect)
                  00012d8e    0000003e     rtsv7M4_T_le_v4SPD16_eabi.lib : _printfi.c.obj (.text:_fcpy)
                  00012dcc    0000003e     stk.aem4f : file.oem4f (.text:fdint_unlockfd)
                  00012e0a    0000003c     nettool_ipv4.aem4f : config.oem4f (.text:CfgEntryGetData)
                  00012e46    0000003c     driverlib.lib : emac.obj (.text:EMACIntDisable)
                  00012e82    0000003c     stk.aem4f : node.oem4f (.text:NodeUpdatePL)
                  00012ebe    00000002     --HOLE-- [fill = 0]
                  00012ec0    0000003c               : rtable.oem4f (.text:RtWalkBegin)
                  00012efc    0000003c               : tcpprot.oem4f (.text:TcpPrConnect)
                  00012f38    0000003c               : tcptime.oem4f (.text:TcpSetPersist)
                  00012f74    0000003c               : rtc.oem4f (.text:_RTCSendRtAdv)
                  00012fb0    0000003c               : rtable.oem4f (.text:_RtNodeRemove)
                  00012fec    0000003c     hal_timer_bios.aem4f : lltimer.oem4f (.text:_llTimerInit)
                  00013028    0000003c     rtsv7M4_T_le_v4SPD16_eabi.lib : strncasecmp.c.obj (.text:strncasecmp)
                  00013064    00000004     httpget_pem4f.oem4f (.text:ti_sysbios_knl_Queue_destruct)
                  00013068    0000003c     sysbios.aem4f : BIOS.obj (.text:ti_sysbios_family_arm_m3_Hwi_excSvCall__I)
                  000130a4    00000004     httpget_pem4f.oem4f (.text:ti_sysbios_knl_Semaphore_delete)
                  000130a8    0000003c     sysbios.aem4f : BIOS.obj (.text:ti_sysbios_heaps_HeapMem_init__I)
                  000130e4    00000004     httpget_pem4f.oem4f (.text:ti_sysbios_knl_Semaphore_destruct)
                  000130e8    0000003c     sysbios.aem4f : BIOS.obj (.text:ti_sysbios_knl_Swi_restore__E)
                  00013124    0000003a     driverlib.lib : emac.obj (.text:EMACIntEnable)
                  0001315e    00000002     --HOLE-- [fill = 0]
                  00013160    00000038                   : emac.obj (.text:EMACConfigGet)
                  00013198    00000038     stk.aem4f : ipfrag.oem4f (.text:IPReasmTimeout)
                  000131d0    00000038               : node.oem4f (.text:NodeGetRt)
                  00013208    00000038     driverlib.lib : sysctl.obj (.text:SysCtlPeripheralReady)
                  00013240    00000038     stk.aem4f : tcpprot.oem4f (.text:TcpClose)
                  00013278    00000038               : timer.oem4f (.text:TimerHSTick)
                  000132b0    00000038     rtsv7M4_T_le_v4SPD16_eabi.lib : trgmsg.c.obj (.text:__TI_writemsg)
                  000132e8    00000038     nettool_ipv4.aem4f : dhcpbild.oem4f (.text:dhcpBuildDiscover)
                  00013320    00000038                        : dhcptags.oem4f (.text:dhcpOptionsClear)
                  00013358    00000038     stk.aem4f : file.oem4f (.text:fdint_waitevent)
                  00013390    00000038     rtsv7M4_T_le_v4SPD16_eabi.lib : fs_tod_t2.asm.obj (.text)
                  000133c8    00000038     sysbios.aem4f : BIOS.obj (.text:ti_sysbios_family_arm_m3_Hwi_excNoIsr__I)
                  00013400    00000038     httpget_pem4f.oem4f (.text:ti_sysbios_knl_Clock_create)
                  00013438    00000038     sysbios.aem4f : BIOS.obj (.text:ti_sysbios_knl_Task_processVitalTaskFlag__I)
                  00013470    00000038     ti.targets.arm.rtsarm.aem4f : SysMin.oem4f (.text:xdc_runtime_SysMin_putch__E)
                  000134a8    00000038                                 : System.oem4f (.text:xdc_runtime_System_atexit__E)
                  000134e0    00000036     stk.aem4f : ip.oem4f (.text:IPChecksum)
                  00013516    00000036     network_ndk.aem4f : ssock.oem4f (.text:Ssock_recv)
                  0001354c    00000036     rtsv7M4_T_le_v4SPD16_eabi.lib : strncpy.c.obj (.text:strncpy)
                  00013582    00000002     --HOLE-- [fill = 0]
                  00013584    00000035     httpget.obj (.text:printError)
                  000135b9    00000003     --HOLE-- [fill = 0]
                  000135bc    00000034     nettool_ipv4.aem4f : config.oem4f (.text:CfgSetService)
                  000135f0    00000034     driverlib.lib : emac.obj (.text:EMACConfigSet)
                  00013624    00000034                   : emac.obj (.text:EMACIntClear)
                  00013658    00000034     drivers_tivaware.aem4f : EMACSnow.oem4f (.text:EMACSnow_emacPoll)
                  0001368c    00000034                            : EMACSnow.oem4f (.text:EMACSnow_isLinkUp)
                  000136c0    00000034                            : EMAC.oem4f (.text:EMAC_init)
                  000136f4    00000034     stk.aem4f : exec.oem4f (.text:ExecClose)
                  00013728    00000034               : nimu.oem4f (.text:NIMUFindByName)
                  0001375c    00000034               : nimu.oem4f (.text:NIMUInit)
                  00013790    00000034               : rawethsock.oem4f (.text:RawEthSockNotify)
                  000137c4    00000034               : sockprot.oem4f (.text:SockPrCtlError)
                  000137f8    00000034     driverlib.lib : sysctl.obj (.text:SysCtlPeripheralEnable)
                  0001382c    00000034     rtsv7M4_T_le_v4SPD16_eabi.lib : trgmsg.c.obj (.text:__TI_readmsg)
                  00013860    00000034     os.aem4f : mem.oem4f (.text:mmUnInitPage)
                  00013894    00000034              : ossys.oem4f (.text:stricmp)
                  000138c8    00000034     rtsv7M4_T_le_v4SPD16_eabi.lib : strstr.c.obj (.text:strstr)
                  000138fc    00000004     httpget_pem4f.oem4f (.text:ti_sysbios_knl_Swi_delete)
                  00013900    00000034     sysbios.aem4f : BIOS.obj (.text:ti_sysbios_family_arm_m3_Hwi_Instance_finalize__E)
                  00013934    00000004     httpget_pem4f.oem4f (.text:ti_sysbios_knl_Task_delete)
                  00013938    00000034     sysbios.aem4f : BIOS.obj (.text:ti_sysbios_family_arm_m3_Hwi_excNmi__I)
                  0001396c    00000004     ti.targets.arm.rtsarm.aem4f : Error.oem4f (.text:xdc_runtime_Error_getMsg__E)
                  00013970    00000034     sysbios.aem4f : BIOS.obj (.text:ti_sysbios_hal_Hwi_checkStack)
                  000139a4    00000034     httpget_pem4f.oem4f (.text:ti_sysbios_knl_Semaphore_create)
                  000139d8    00000034     ti.targets.arm.rtsarm.aem4f : Core-label.oem4f (.text:xdc_runtime_Core_assignLabel__I)
                  00013a0c    00000033                                 : Text.oem4f (.text:xdc_runtime_Text_printVisFxn__I)
                  00013a3f    00000001     --HOLE-- [fill = 0]
                  00013a40    00000032     nettool_ipv4.aem4f : config.oem4f (.text:CfgGetImmediate)
                  00013a72    00000032     stk.aem4f : route.oem4f (.text:RtDeRef)
                  00013aa4    00000032               : route.oem4f (.text:RtSetFailure)
                  00013ad6    00000032               : sb.oem4f (.text:SBFlush)
                  00013b08    00000032               : sb.oem4f (.text:SBSetMax)
                  00013b3a    00000032               : sock.oem4f (.text:SockIntAbort)
                  00013b6c    00000032     nettool_ipv4.aem4f : config.oem4f (.text:_CfgAcquire)
                  00013b9e    00000032                        : dhcpsm.oem4f (.text:dhcpIPRemove)
                  00013bd0    00000032     sysbios.aem4f : BIOS.obj (.text:ti_sysbios_hal_Hwi_initStack)
                  00013c02    00000006     driverlib.lib : emac.obj (.text:EMACTxDMADescriptorListSet)
                  00013c08    00000032     sysbios.aem4f : BIOS.obj (.text:ti_sysbios_knl_Semaphore_pendTimeout__I)
                  00013c3a    00000030     driverlib.lib : emac.obj (.text:EMACAddrSet)
                  00013c6a    00000002     --HOLE-- [fill = 0]
                  00013c6c    00000030     drivers_tivaware.aem4f : EMACSnow.oem4f (.text:EMACSnow_handlePackets)
                  00013c9c    00000030     netctrl_min_ipv4.aem4f : netsrv.oem4f (.text:NS_PreBoot)
                  00013ccc    00000030     stk.aem4f : sock.oem4f (.text:SockBind)
                  00013cfc    00000030     nettool_ipv4.aem4f : dhcpsock.oem4f (.text:dhcpPacketSend)
                  00013d2c    00000030     stk.aem4f : listlib.oem4f (.text:list_remove_node)
                  00013d5c    00000030     http_ndk.aem4f : httpcli.oem4f (.text:skipLine)
                  00013d8c    00000030     httpget_pem4f.oem4f (.text:ti_sysbios_BIOS_atExitFunc__I)
                  00013dbc    00000004     ti.targets.arm.rtsarm.aem4f : Error.oem4f (.text:xdc_runtime_Error_getSite__E)
                  00013dc0    00000030     sysbios.aem4f : BIOS.obj (.text:ti_sysbios_family_arm_lm4_Timer_stop__E)
                  00013df0    00000030                   : BIOS.obj (.text:ti_sysbios_family_arm_m3_TaskSupport_start__E)
                  00013e20    00000030     httpget_pem4f.oem4f (.text:ti_sysbios_gates_GateHwi_Object__create__S)
                  00013e50    00000030     httpget_pem4f.oem4f (.text:ti_sysbios_gates_GateMutex_Object__create__S)
                  00013e80    00000030     sysbios.aem4f : BIOS.obj (.text:ti_sysbios_gates_GateMutex_enter__E)
                  00013eb0    00000030     httpget_pem4f.oem4f (.text:ti_sysbios_heaps_HeapMem_Object__create__S)
                  00013ee0    00000030     httpget_pem4f.oem4f (.text:ti_sysbios_knl_Semaphore_construct)
                  00013f10    00000030     ti.targets.arm.rtsarm.aem4f : SysMin.oem4f (.text:xdc_runtime_SysMin_abort__E)
                  00013f40    00000030                                 : System.oem4f (.text:xdc_runtime_System_processAtExit__E)
                  00013f70    0000002e     driverlib.lib : adc.obj (.text:ADCIntStatus)
                  00013f9e    0000002e     stk.aem4f : sb.oem4f (.text:SBFree)
                  00013fcc    0000002e     httpget_pem4f.oem4f (.text:malloc)
                  00013ffa    0000002e     rtsv7M4_T_le_v4SPD16_eabi.lib : i_tofd_t2.asm.obj (.text)
                  00014028    0000002e                                   : strcasecmp.c.obj (.text:strcasecmp)
                  00014056    0000002c     driverlib.lib : emac.obj (.text:EMACIntStatus)
                  00014082    0000002c     stk.aem4f : file.oem4f (.text:FdSignalEvent)
                  000140ae    00000002     --HOLE-- [fill = 0]
                  000140b0    0000002c               : igmp.oem4f (.text:IGMPTestGroup)
                  000140dc    0000002c     os.aem4f : task.oem4f (.text:NDK_hookCreate)
                  00014108    0000002c     stk.aem4f : nimu.oem4f (.text:NIMUAllocateIndex)
                  00014134    0000002c               : nimu.oem4f (.text:NIMUPacketServiceCheck)
                  00014160    0000002c               : pipe.oem4f (.text:PipeClose)
                  0001418c    0000002c               : sockpcb.oem4f (.text:SockPcbAttach)
                  000141b8    0000002c               : lli.oem4f (.text:_LLIExpListRemove)
                  000141e4    0000002c               : lli.oem4f (.text:_LLITimeoutFlush)
                  00014210    0000002c               : rtable.oem4f (.text:_RtExpListRemove)
                  0001423c    0000002c     http_ndk.aem4f : httpcli.oem4f (.text:lookUpResponseFields)
                  00014268    0000002c     rtsv7M4_T_le_v4SPD16_eabi.lib : strncmp.c.obj (.text:strncmp)
                  00014294    0000002c     httpget_pem4f.oem4f (.text:ti_sysbios_knl_Clock_doTick__I)
                  000142c0    0000002c     httpget_pem4f.oem4f (.text:ti_sysbios_knl_Queue_construct)
                  000142ec    00000004     httpget_pem4f.oem4f (.text:xdc_runtime_System_Module_GateProxy_enter__E)
                  000142f0    0000002c     sysbios.aem4f : BIOS.obj (.text:ti_sysbios_knl_Task_restore__E)
                  0001431c    0000002c     ti.targets.arm.rtsarm.aem4f : Text.oem4f (.text:xdc_runtime_Text_cordText__E)
                  00014348    0000002a     driverlib.lib : gpio.obj (.text:GPIODirModeSet)
                  00014372    0000002a     stk.aem4f : pbm.oem4f (.text:PBMQ_deq)
                  0001439c    0000002a     netctrl_min_ipv4.aem4f : netsrv.oem4f (.text:ServiceCallback)
                  000143c6    0000002a     nettool_ipv4.aem4f : config.oem4f (.text:_CfgRelease)
                  000143f0    0000002a                        : inetaddr.oem4f (.text:mergeLists)
                  0001441a    0000002a     ti.targets.arm.rtsarm.aem4f : System.oem4f (.text:xdc_runtime_System_putchar__I)
                  00014444    00000028     stk.aem4f : bind.oem4f (.text:BindFindByNet)
                  0001446c    00000028               : lli.oem4f (.text:LLIFree)
                  00014494    00000028     netctrl_min_ipv4.aem4f : netctrl.oem4f (.text:NC_SystemClose)
                  000144bc    00000028     stk.aem4f : nimu.oem4f (.text:NIMUCreatePacket)
                  000144e4    00000028               : nimu.oem4f (.text:NIMUPacketService)
                  0001450c    00000028               : tcpin.oem4f (.text:TcpEnterTimeWait)
                  00014534    00000028               : timer.oem4f (.text:TimerListRemove)
                  0001455c    00000028               : vlan.oem4f (.text:VLANFindSourceInterface)
                  00014584    00000028               : vlan.oem4f (.text:VLANInit)
                  000145ac    00000028     nettool_ipv4.aem4f : dhcpsock.oem4f (.text:dhcpPacketReceive)
                  000145d4    00000028     drivers_tivaware.aem4f : EMACSnow.oem4f (.text:signalLinkChange)
                  000145fc    00000004     httpget_pem4f.oem4f (.text:xdc_runtime_System_Module_GateProxy_leave__E)
                  00014600    00000028     sysbios.aem4f : BIOS.obj (.text:ti_sysbios_knl_Clock_addI__E)
                  00014628    00000028                   : BIOS.obj (.text:ti_sysbios_knl_Swi_Module_startup__E)
                  00014650    00000026     nettool_ipv4.aem4f : config.oem4f (.text:CfgEntryInfo)
                  00014676    00000026     driverlib.lib : emac.obj (.text:EMACPHYRead)
                  0001469c    00000026                   : emac.obj (.text:EMACPHYWrite)
                  000146c2    00000026     stk.aem4f : rawethsock.oem4f (.text:RawEthSockClose)
                  000146e8    00000026     sysbios.aem4f : m3_Hwi_asm.obj (.text:ti_sysbios_family_arm_m3_Hwi_pendSV__I)
                  0001470e    00000026     ti.targets.arm.rtsarm.aem4f : System.oem4f (.text:xdc_runtime_System_avprintf__E)
                  00014734    00000024     stk.aem4f : bind.oem4f (.text:BindFindByHost)
                  00014758    00000024               : bind.oem4f (.text:BindGetIFByDBCast)
                  0001477c    00000024     drivers_tivaware.aem4f : EMACSnow.oem4f (.text:EMACSnow_pkt_service)
                  000147a0    00000024                            : EMACSnow.oem4f (.text:EMACSnow_primeRx)
                  000147c4    00000024     stk.aem4f : exec.oem4f (.text:ExecTimer)
                  000147e8    00000024     http_ndk.aem4f : httpcli.oem4f (.text:HTTPCli_disconnect)
                  0001480c    00000024     stk.aem4f : nimu.oem4f (.text:NIMUFindByIndex)
                  00014830    00000024               : rtc.oem4f (.text:RTCAddHook)
                  00014854    00000024               : rawethsock_pcb.oem4f (.text:RawEthSockPcbFind)
                  00014878    00000024               : route.oem4f (.text:RtFree)
                  0001489c    00000024               : route.oem4f (.text:RtSetTimeout)
                  000148c0    00000024               : sockpcb.oem4f (.text:SockPcbCleanup)
                  000148e4    00000024               : tcptime.oem4f (.text:TcpTimeoutWait2)
                  00014908    00000024     nettool_ipv4.aem4f : config.oem4f (.text:_CfgEntryProcess)
                  0001492c    00000024     http_ndk.aem4f : httpcli.oem4f (.text:getRequestFieldValue)
                  00014950    00000024     httpget_pem4f.oem4f (.text:ti_sysbios_BIOS_errorRaiseHook__I)
                  00014974    00000024     httpget_pem4f.oem4f (.text:ti_sysbios_BIOS_registerRTSLock__I)
                  00014998    00000024     httpget_pem4f.oem4f (.text:ti_sysbios_BIOS_removeRTSLock__I)
                  000149bc    00000024     httpget_pem4f.oem4f (.text:ti_sysbios_BIOS_startFunc__I)
                  000149e0    00000024     httpget_pem4f.oem4f (.text:ti_sysbios_gates_GateMutex_Object__delete__S)
                  00014a04    00000004     ti.targets.arm.rtsarm.aem4f : System.oem4f (.text:xdc_runtime_System_aprintf_va__F)
                  00014a08    00000024     sysbios.aem4f : BIOS.obj (.text:ti_sysbios_knl_Clock_Module_startup__E)
                  00014a2c    00000004     ti.targets.arm.rtsarm.aem4f : System.oem4f (.text:xdc_runtime_System_printf_va__F)
                  00014a30    00000024     sysbios.aem4f : BIOS.obj (.text:ti_sysbios_knl_Clock_start__E)
                  00014a54    00000004     --HOLE-- [fill = 0]
                  00014a58    00000024                   : BIOS.obj (.text:ti_sysbios_knl_Semaphore_Instance_init__E)
                  00014a7c    00000024     httpget_pem4f.oem4f (.text:ti_sysbios_knl_Semaphore_Object__delete__S)
                  00014aa0    00000024     sysbios.aem4f : BIOS.obj (.text:ti_sysbios_knl_Task_restoreHwi__E)
                  00014ac4    00000024     ti.targets.arm.rtsarm.aem4f : System.oem4f (.text:xdc_runtime_System_vprintf__E)
                  00014ae8    00000022     nettool_ipv4.aem4f : config.oem4f (.text:CfgEntryRef)
                  00014b0a    00000022     stk.aem4f : vlan.oem4f (.text:VLANFindNode)
                  00014b2c    00000004     --HOLE-- [fill = 0]
                  00014b30    00000022     sysbios.aem4f : BIOS.obj (.text:ti_sysbios_family_arm_lm4_Timer_write__I)
                  00014b52    00000022     httpget_pem4f.oem4f (.text:xdc_runtime_SysMin_output__I)
                  00014b74    00000020     netctrl_min_ipv4.aem4f : netctrl.oem4f (.text:NC_BootComplete)
                  00014b94    00000020     stk.aem4f : nimu.oem4f (.text:NIMUGetNumOfObject)
                  00014bb4    00000020               : rtc.oem4f (.text:RTCRemoveHook)
                  00014bd4    00000020               : tcp.oem4f (.text:TcpTimeoutRemove)
                  00014bf4    00000020     Boot.aem4f : Boot_sysctl.oem4f (.text:_SysCtlMemTimingGet)
                  00014c14    00000020     httpget_pem4f.oem4f (.text:ti_sysbios_BIOS_rtsLock__I)
                  00014c34    00000020     httpget_pem4f.oem4f (.text:ti_sysbios_family_arm_m3_Hwi_Object__delete__S)
                  00014c54    00000020     sysbios.aem4f : m3_Hwi_asm.obj (.text:ti_sysbios_family_arm_m3_Hwi_excHandlerAsm__I)
                  00014c74    00000004     --HOLE-- [fill = 0]
                  00014c78    00000020                   : BIOS.obj (.text:ti_sysbios_family_arm_m3_Hwi_excHandler__I)
                  00014c98    00000020     httpget_pem4f.oem4f (.text:ti_sysbios_gates_GateHwi_Object__delete__S)
                  00014cb8    00000020     httpget_pem4f.oem4f (.text:ti_sysbios_heaps_HeapMem_Object__delete__S)
                  00014cd8    00000020     sysbios.aem4f : BIOS.obj (.text:ti_sysbios_knl_Idle_run__E)
                  00014cf8    00000020     httpget_pem4f.oem4f (.text:ti_sysbios_knl_Semaphore_Object__destruct__S)
                  00014d18    00000020     httpget_pem4f.oem4f (.text:ti_sysbios_knl_Swi_Object__delete__S)
                  00014d38    00000020     httpget_pem4f.oem4f (.text:ti_sysbios_knl_Task_Object__delete__S)
                  00014d58    00000020     httpget.obj (.text:timerISR)
                  00014d78    00000020     ti.targets.arm.rtsarm.aem4f : Registry.oem4f (.text:xdc_runtime_Registry_findById__E)
                  00014d98    00000020                                 : SysMin.oem4f (.text:xdc_runtime_SysMin_Module_startup__E)
                  00014db8    0000001e     driverlib.lib : adc.obj (.text:ADCSequenceDataGet)
                  00014dd6    0000001e     stk.aem4f : fileuser.oem4f (.text:fdError)
                  00014df4    0000001e               : listlib.oem4f (.text:list_remove)
                  00014e12    0000001e     httpget.obj (.text:send)
                  00014e30    0000001e     rtsv7M4_T_le_v4SPD16_eabi.lib : strcat.c.obj (.text:strcat)
                  00014e4e    0000001e     sysbios.aem4f : m3_Hwi_asm_switch.obj (.text:ti_sysbios_family_xxx_Hwi_switchAndRunFunc)
                  00014e6c    0000001c     stk.aem4f : bind.oem4f (.text:BindFindByIF)
                  00014e88    0000001c               : exec.oem4f (.text:ExecBroadcast)
                  00014ea4    0000001c     os.aem4f : ossys.oem4f (.text:NDK_sprintf)
                  00014ec0    0000001c     stk.aem4f : nimu.oem4f (.text:NIMUAddHeader)
                  00014edc    0000001c               : sockprot.oem4f (.text:SockPrDetach)
                  00014ef8    0000001c     network_ndk.aem4f : ssock.oem4f (.text:Ssock_destruct)
                  00014f14    0000001c     os.aem4f : task.oem4f (.text:TaskDestroy)
                  00014f30    0000001c     drivers_tivaware.aem4f : GPIOTiva.oem4f (.text:getGpioIntIndex)
                  00014f4c    0000001c     rtsv7M4_T_le_v4SPD16_eabi.lib : memccpy.c.obj (.text:memccpy)
                  00014f68    0000001c     httpget_pem4f.oem4f (.text:ti_ndk_config_global_taskCreateHook)
                  00014f84    00000004     --HOLE-- [fill = 0]
                  00014f88    0000001c     sysbios.aem4f : BIOS.obj (.text:ti_sysbios_gates_GateMutex_Instance_init__E)
                  00014fa4    0000001c     httpget_pem4f.oem4f (.text:ti_sysbios_knl_Queue_Object__destruct__S)
                  00014fc0    0000001c     sysbios.aem4f : BIOS.obj (.text:ti_sysbios_knl_Queue_put__E)
                  00014fdc    00000004     --HOLE-- [fill = 0]
                  00014fe0    0000001c                   : BIOS.obj (.text:ti_sysbios_knl_Task_enter__I)
                  00014ffc    0000001c     ti.targets.arm.rtsarm.aem4f : Error.oem4f (.text:xdc_runtime_Error_raiseX__E)
                  00015018    0000001c                                 : Memory.oem4f (.text:xdc_runtime_Memory_valloc__E)
                  00015034    0000001c                                 : SysMin.oem4f (.text:xdc_runtime_SysMin_exit__E)
                  00015050    0000001c                                 : System.oem4f (.text:xdc_runtime_System_abort__E)
                  0001506c    0000001a     stk.aem4f : bind.oem4f (.text:BindGetIP)
                  00015086    0000001a               : sockint.oem4f (.text:SockSetOOBMark)
                  000150a0    0000001a               : file.oem4f (.text:fdint_getfdt)
                  000150ba    0000001a     httpget_pem4f.oem4f (.text:free)
                  000150d4    0000001a     httpget_pem4f.oem4f (.text:ti_sysbios_family_arm_m3_Hwi_Handle__label__S)
                  000150ee    0000001a     httpget_pem4f.oem4f (.text:ti_sysbios_gates_GateHwi_Handle__label__S)
                  00015108    0000001a     httpget_pem4f.oem4f (.text:ti_sysbios_gates_GateMutex_Handle__label__S)
                  00015122    0000001a     httpget_pem4f.oem4f (.text:ti_sysbios_heaps_HeapMem_Handle__label__S)
                  0001513c    0000001a     httpget_pem4f.oem4f (.text:ti_sysbios_knl_Swi_Handle__label__S)
                  00015156    0000001a     httpget_pem4f.oem4f (.text:ti_sysbios_knl_Task_Handle__label__S)
                  00015170    0000001a     sysbios.aem4f : BIOS.obj (.text:ti_sysbios_knl_Task_sleepTimeout__I)
                  0001518a    0000001a     httpget_pem4f.oem4f (.text:xdc_runtime_System_aprintf__E)
                  000151a4    0000001a     httpget_pem4f.oem4f (.text:xdc_runtime_System_printf__E)
                  000151be    00000018     driverlib.lib : adc.obj (.text:ADCProcessorTrigger)
                  000151d6    00000002     --HOLE-- [fill = 0]
                  000151d8    00000018     drivers_tivaware.aem4f : EMACSnow.oem4f (.text:EMACSnow_emacSend)
                  000151f0    00000018     stk.aem4f : ip.oem4f (.text:IPRtChange)
                  00015208    00000018               : rawethsock_pcb.oem4f (.text:RawEthSockPcbCleanup)
                  00015220    00000018     nettool_ipv4.aem4f : ipaddr.oem4f (.text:RouteHook)
                  00015238    00000018     stk.aem4f : tcpin.oem4f (.text:SEQ_GEQ)
                  00015250    00000018               : tcpout.oem4f (.text:SEQ_GEQ)
                  00015268    00000018               : tcpin.oem4f (.text:SEQ_GT)
                  00015280    00000018               : tcpout.oem4f (.text:SEQ_GT)
                  00015298    00000018               : tcpin.oem4f (.text:SEQ_LEQ)
                  000152b0    00000018               : tcpout.oem4f (.text:SEQ_LEQ)
                  000152c8    00000018               : tcpin.oem4f (.text:SEQ_LT)
                  000152e0    00000018               : tcpout.oem4f (.text:SEQ_LT)
                  000152f8    00000018               : tcp.oem4f (.text:TcpTimeoutAdd)
                  00015310    00000018     rtsv7M4_T_le_v4SPD16_eabi.lib : args_main.c.obj (.text:_args_main)
                  00015328    00000018                                   : sprintf.c.obj (.text:_outs)
                  00015340    00000018     nettool_ipv4.aem4f : dhcpsock.oem4f (.text:dhcpSocketClose)
                  00015358    00000018                        : inetaddr.oem4f (.text:freeaddrinfo)
                  00015370    00000018     stk.aem4f : listlib.oem4f (.text:list_add)
                  00015388    00000018     rtsv7M4_T_le_v4SPD16_eabi.lib : strcmp.c.obj (.text:strcmp)
                  000153a0    00000018     httpget_pem4f.oem4f (.text:ti_sysbios_BIOS_rtsUnlock__I)
                  000153b8    00000018     httpget_pem4f.oem4f (.text:ti_sysbios_family_arm_lm4_Timer_Module__startupDone__F)
                  000153d0    00000018     httpget_pem4f.oem4f (.text:ti_sysbios_family_arm_m3_Hwi_Module__startupDone__F)
                  000153e8    00000018     sysbios.aem4f : m3_TaskSupport_asm.obj (.text:ti_sysbios_family_arm_m3_TaskSupport_swap__E)
                  00015400    00000018                   : BIOS.obj (.text:ti_sysbios_gates_GateMutex_leave__E)
                  00015418    00000018     ti.targets.arm.rtsarm.aem4f : Error.oem4f (.text:xdc_runtime_Error_check__E)
                  00015430    00000018                                 : System.oem4f (.text:xdc_runtime_System_exit__E)
                  00015448    00000018                                 : Text.oem4f (.text:xdc_runtime_Text_ropeText__E)
                  00015460    00000016     driverlib.lib : emac.obj (.text:EMACReset)
                  00015476    00000016                   : emac.obj (.text:EMACRxEnable)
                  0001548c    00000016                   : emac.obj (.text:EMACTxEnable)
                  000154a2    00000016     http_ndk.aem4f : httpcli.oem4f (.text:HTTPCli_destruct)
                  000154b8    00000016                    : httpcli.oem4f (.text:HTTPCli_readRawResponseBody)
                  000154ce    00000016     stk.aem4f : file.oem4f (.text:fdint_freefdt)
                  000154e4    00000016     rtsv7M4_T_le_v4SPD16_eabi.lib : strchr.c.obj (.text:strchr)
                  000154fa    00000016     httpget_pem4f.oem4f (.text:ti_sysbios_BIOS_exitFunc__I)
                  00015510    00000016     httpget.obj (.text:ti_sysbios_knl_Clock_Params_init)
                  00015526    00000016     httpget.obj (.text:ti_sysbios_knl_Semaphore_Params_init)
                  0001553c    00000016     httpget.obj (.text:ti_sysbios_knl_Task_Params_init)
                  00015552    00000016     ti.targets.arm.rtsarm.aem4f : System.oem4f (.text:xdc_runtime_System_vsprintf__E)
                  00015568    00000014     stk.aem4f : bind.oem4f (.text:BindIPHost2IF)
                  0001557c    00000014     driverlib.lib : flash.obj (.text:FlashUserGet)
                  00015590    00000014     http_ndk.aem4f : httpcli.oem4f (.text:HTTPCli_getResponseStatus)
                  000155a4    00000014     netctrl_min_ipv4.aem4f : netctrl.oem4f (.text:NC_NetStop)
                  000155b8    00000014     os.aem4f : task.oem4f (.text:NDK_hookExit)
                  000155cc    00000014     stk.aem4f : nimu.oem4f (.text:NIMUSendPacket)
                  000155e0    00000014     nettool_ipv4.aem4f : ipaddr.oem4f (.text:NtRemoveNetwork)
                  000155f4    00000014     stk.aem4f : rawethsock_pcb.oem4f (.text:RawEthSockPcbInit)
                  00015608    00000014     network_ndk.aem4f : ssock.oem4f (.text:Ssock_construct)
                  0001561c    00000014     stk.aem4f : timer.oem4f (.text:TimerFree)
                  00015630    00000014     httpget.obj (.text:clk0Fxn)
                  00015644    00000014     httpget.obj (.text:connect)
                  00015658    00000014     rtsv7M4_T_le_v4SPD16_eabi.lib : s_copysign.c.obj (.text:copysign)
                  0001566c    00000014     httpget.obj (.text:socket)
                  00015680    00000014     rtsv7M4_T_le_v4SPD16_eabi.lib : strcpy.c.obj (.text:strcpy)
                  00015694    00000014                                   : strlen.c.obj (.text:strlen)
                  000156a8    00000014     httpget_pem4f.oem4f (.text:ti_ndk_config_global_taskExitHook)
                  000156bc    00000014     httpget_pem4f.oem4f (.text:ti_sysbios_family_arm_m3_Hwi_Object__get__S)
                  000156d0    00000014     sysbios.aem4f : BIOS.obj (.text:ti_sysbios_family_arm_m3_Hwi_switchFromBootStack__E)
                  000156e4    00000014     httpget_pem4f.oem4f (.text:ti_sysbios_heaps_HeapMem_Object__get__S)
                  000156f8    00000014     httpget_pem4f.oem4f (.text:ti_sysbios_knl_Swi_Object__get__S)
                  0001570c    00000014     httpget_pem4f.oem4f (.text:ti_sysbios_knl_Task_Object__first__S)
                  00015720    00000014     httpget_pem4f.oem4f (.text:ti_sysbios_knl_Task_Object__next__S)
                  00015734    00000012     driverlib.lib : gpio.obj (.text:GPIOPinTypeEthernetLED)
                  00015746    00000012     stk.aem4f : sockprot.oem4f (.text:SockPrAttach)
                  00015758    00000012               : sockint.oem4f (.text:SockSetOOBData)
                  0001576a    00000012     nettool_ipv4.aem4f : inetaddr.oem4f (.text:inet_addr)
                  0001577c    00000004     --HOLE-- [fill = 0]
                  00015780    00000012     sysbios.aem4f : BIOS.obj (.text:ti_sysbios_hal_Hwi_Module_startup__E)
                  00015792    00000006     driverlib.lib : gpio.obj (.text:GPIOIntClear)
                  00015798    00000012     sysbios.aem4f : BIOS.obj (.text:ti_sysbios_hal_Timer_Module_startup__E)
                  000157aa    00000006     driverlib.lib : gpio.obj (.text:GPIOPinWrite)
                  000157b0    00000012     sysbios.aem4f : BIOS.obj (.text:ti_sysbios_knl_Semaphore_reset__E)
                  000157c2    00000012     rtsv7M4_T_le_v4SPD16_eabi.lib : wcslen.c.obj (.text:wcslen)
                  000157d4    00000012     httpget_pem4f.oem4f (.text:xdc_runtime_Startup_exec__I)
                  000157e6    00000002     --HOLE-- [fill = 0]
                  000157e8    00000010     httpget_pem4f.oem4f (.text:.bootCodeSection:ti_catalog_arm_cortexm4_tiva_ce_Boot_init__I)
                  000157f8    00000010     stk.aem4f : bind.oem4f (.text:BindIF2IPHost)
                  00015808    00000010               : bind.oem4f (.text:BindIFNet2IPHost)
                  00015818    00000010     driverlib.lib : emac.obj (.text:EMACFrameFilterSet)
                  00015828    00000010     stk.aem4f : exec.oem4f (.text:ExecHRef)
                  00015838    00000010     netctrl_min_ipv4.aem4f : netctrl.oem4f (.text:NC_IPUpdate)
                  00015848    00000010     stk.aem4f : nimu.oem4f (.text:NIMUGetRsvdSizeInfo)
                  00015858    00000010     sysbios.aem4f : BIOS.obj (.text:ti_sysbios_BIOS_exit__E)
                  00015868    00000010                   : BIOS.obj (.text:ti_sysbios_BIOS_getCpuFreq__E)
                  00015878    00000010                   : BIOS.obj (.text:ti_sysbios_BIOS_setThreadType__E)
                  00015888    00000010                   : BIOS.obj (.text:ti_sysbios_BIOS_start__E)
                  00015898    00000010                   : m3_TaskSupport_asm.obj (.text:ti_sysbios_family_arm_m3_TaskSupport_glue)
                  000158a8    00000010                   : BIOS.obj (.text:ti_sysbios_gates_GateMutex_Instance_finalize__E)
                  000158b8    00000010                   : BIOS.obj (.text:ti_sysbios_knl_Semaphore_Instance_finalize__E)
                  000158c8    00000010                   : BIOS.obj (.text:ti_sysbios_knl_Swi_disable__E)
                  000158d8    00000010     httpget_pem4f.oem4f (.text:ti_sysbios_knl_Task_Object__get__S)
                  000158e8    00000010     sysbios.aem4f : BIOS.obj (.text:ti_sysbios_knl_Task_disable__E)
                  000158f8    00000010     ti.targets.arm.rtsarm.aem4f : Gate.oem4f (.text:xdc_runtime_Gate_leaveSystem__E)
                  00015908    00000010                                 : Memory.oem4f (.text:xdc_runtime_Memory_free__E)
[...]
00018444  xdc_runtime_Core_Module__diagsMask__C                                
00018448  xdc_runtime_Error_E_memory__C                                        
0001844c  xdc_runtime_Error_Module__diagsEnabled__C                            
00018450  xdc_runtime_Error_Module__diagsIncluded__C                           
00018454  xdc_runtime_Error_Module__diagsMask__C                               
00018458  xdc_runtime_Error_Module__loggerFxn8__C                              
0001845c  xdc_runtime_Error_Module__loggerObj__C                               
00018460  xdc_runtime_Error_policyFxn__C                                       
00018464  xdc_runtime_Error_raiseHook__C                                       
00018468  xdc_runtime_IGateProvider_Interface__BASE__C                         
0001846c  xdc_runtime_IHeap_Interface__BASE__C                                 
00018470  xdc_runtime_IModule_Interface__BASE__C                               
00018474  xdc_runtime_Log_L_error__C                                           
00018478  xdc_runtime_Memory_defaultHeapInstance__C                            
0001847c  xdc_runtime_Startup_execImpl__C                                      
00018480  xdc_runtime_Startup_maxPasses__C                                     
00018484  xdc_runtime_Startup_sfxnRts__C                                       
00018488  xdc_runtime_Startup_sfxnTab__C                                       
0001848c  xdc_runtime_SysMin_bufSize__C                                        
00018490  xdc_runtime_SysMin_outputFunc__C                                     
00018494  xdc_runtime_System_Module__gateObj__C                                
00018498  xdc_runtime_System_abortFxn__C                                       
0001849c  xdc_runtime_System_exitFxn__C                                        
000184a0  xdc_runtime_System_extendFxn__C                                      
000184a4  xdc_runtime_System_maxAtexitHandlers__C                              
000184a8  xdc_runtime_Text_charTab__C                                          
000184ac  xdc_runtime_Text_nameEmpty__C                                        
000184b0  xdc_runtime_Text_nameStatic__C                                       
000184b4  xdc_runtime_Text_nameUnknown__C                                      
000184b8  xdc_runtime_Text_nodeTab__C                                          
000184bc  xdc_runtime_Text_visitRopeFxn__C                                     
000184c0  ti_sysbios_knl_Task_Module__id__C                                    
000184c2  xdc_runtime_Core_Module__id__C                                       
000184c4  xdc_runtime_Error_Module__loggerDefined__C                           
000184c6  xdc_runtime_Error_maxDepth__C                                        
000184c8  xdc_runtime_Memory_Module__id__C                                     
000184ca  xdc_runtime_SysMin_flushAtExit__C                                    
000184cc  xdc_runtime_Text_charCnt__C                                          
000184ce  xdc_runtime_Text_isLoaded__C                                         
000184d0  xdc_runtime_Text_registryModsLastId__C                               
000184d2  xdc_runtime_Text_unnamedModsLastId__C                                
000184d4  xdc_runtime_Error_policy__C                                          
000184d8  __TI_static_base__                                                   
0001898c  __TI_Handler_Table_Base                                              
00018998  __TI_Handler_Table_Limit                                             
000189a8  __TI_CINIT_Base                                                      
000189c0  __TI_CINIT_Limit                                                     
20000000  ti_sysbios_family_arm_m3_Hwi_ramVectors                              
20000380  ti_sysbios_heaps_HeapMem_Instance_State_0_buf__A                     
20005380  ti_ndk_config_Global_pit                                             
20005428  ti_ndk_config_Global_pitBuffer                                       
20009c28  ADCValues                                                            
20009c78  emacObjects                                                          
20009c80  ti_ndk_config_Global_pBufMem                                         
2000d880  ti_ndk_config_Global_pHdrMem                                         
2000db78  ti_sysbios_knl_Task_Instance_State_0_stack__A                        
2000e178  ti_sysbios_knl_Task_Instance_State_1_stack__A                        
2000e378  xdc_runtime_SysMin_Module_State_0_outbuf__A                          
2000e778  ti_sysbios_family_arm_m3_Hwi_dispatchTable                           
2000ead8  __CIOBUF_                                                            
2000ecf8  tcps                                                                 
2000f014  ips                                                                  
2000f07c  nimu_mcb                                                             
2000f0e0  TempValueC                                                           
2000f130  _ICMPIn                                                              
2000f17c  _ICMPOut                                                             
2000f208  vlan_mcb                                                             
2000f254  udps                                                                 
2000f278  weather_info                                                         
2000f298  BlockCount                                                           
2000f2b4  BlockMax                                                             
2000f2d0  PageCount                                                            
2000f2ec  PageMax                                                              
2000f308  semStruct                                                            
2000f324  semStruct1                                                           
2000f340  stkEvent                                                             
2000f37c  raweths                                                              
2000f38c  raws                                                                 
2000f39c  PBMQ_free                                                            
2000f3a8  my_temp_value                                                        
2000f3b4  tpseudo                                                              
2000f3c0  upseudo                                                              
2000f3cc  parmbuf                                                              
2000f3f0  Temparature                                                          
2000f400  Weather_Cond                                                         
2000f404  _IGMPInDiscard                                                       
2000f408  _IGMPInQuery                                                         
2000f40c  _IGMPInQueryGroup                                                    
2000f410  _IGMPInResponse                                                      
2000f414  _IGMPOutResponse                                                     
2000f418  avgtemp                                                              
2000f41c  g_ulStatus                                                           
2000f430  raweth_pcb                                                           
2000f434  semHandle                                                            
2000f438  semHandle1                                                           
2000f43c  ti_sysbios_knl_Task_Instance_State_0_hookEnv__A                      
2000f440  ti_sysbios_knl_Task_Instance_State_1_hookEnv__A                      
2000f444  HTTPStd_VER                                                          
2000f448  HTTPStd_GET                                                          
2000f44c  HTTPStd_POST                                                         
2000f450  HTTPStd_HEAD                                                         
2000f454  HTTPStd_OPTIONS                                                      
2000f458  HTTPStd_PUT                                                          
2000f45c  HTTPStd_DELETE                                                       
2000f460  HTTPStd_CONNECT                                                      
2000f464  HTTPStd_PATCH                                                        
2000f468  HTTPStd_CONTENT_TYPE_APPLET                                          
2000f46c  HTTPStd_CONTENT_TYPE_AU                                              
2000f470  HTTPStd_CONTENT_TYPE_CSS                                             
2000f474  HTTPStd_CONTENT_TYPE_DOC                                             
2000f478  HTTPStd_CONTENT_TYPE_GIF                                             
2000f47c  HTTPStd_CONTENT_TYPE_HTML                                            
2000f480  HTTPStd_CONTENT_TYPE_JPG                                             
2000f484  HTTPStd_CONTENT_TYPE_MPEG                                            
2000f488  HTTPStd_CONTENT_TYPE_PDF                                             
2000f48c  HTTPStd_CONTENT_TYPE_WAV                                             
2000f490  HTTPStd_CONTENT_TYPE_ZIP                                             
2000f494  HTTPStd_CONTENT_TYPE_PLAIN                                           
2000f498  HTTPStd_FIELD_NAME_ACCEPT                                            
2000f49c  HTTPStd_FIELD_NAME_ACCEPT_CHARSET                                    
2000f4a0  HTTPStd_FIELD_NAME_ACCEPT_ENCODING                                   
2000f4a4  HTTPStd_FIELD_NAME_ACCEPT_LANGUAGE                                   
2000f4a8  HTTPStd_FIELD_NAME_ACCEPT_RANGES                                     
2000f4ac  HTTPStd_FIELD_NAME_AGE                                               
2000f4b0  HTTPStd_FIELD_NAME_ALLOW                                             
2000f4b4  HTTPStd_FIELD_NAME_AUTHORIZATION                                     
2000f4b8  HTTPStd_FIELD_NAME_CACHE_CONTROL                                     
2000f4bc  HTTPStd_FIELD_NAME_CONNECTION                                        
2000f4c0  HTTPStd_FIELD_NAME_CONTENT_ENCODING                                  
2000f4c4  HTTPStd_FIELD_NAME_CONTENT_LANGUAGE                                  
2000f4c8  HTTPStd_FIELD_NAME_CONTENT_LENGTH                                    
2000f4cc  HTTPStd_FIELD_NAME_CONTENT_LOCATION                                  
2000f4d0  HTTPStd_FIELD_NAME_CONTENT_MD5                                       
2000f4d4  HTTPStd_FIELD_NAME_CONTENT_RANGE                                     
2000f4d8  HTTPStd_FIELD_NAME_CONTENT_TYPE                                      
2000f4dc  HTTPStd_FIELD_NAME_COOKIE                                            
2000f4e0  HTTPStd_FIELD_NAME_DATE                                              
2000f4e4  HTTPStd_FIELD_NAME_ETAG                                              
2000f4e8  HTTPStd_FIELD_NAME_EXPECT                                            
2000f4ec  HTTPStd_FIELD_NAME_EXPIRES                                           
2000f4f0  HTTPStd_FIELD_NAME_FROM                                              
2000f4f4  HTTPStd_FIELD_NAME_HOST                                              
2000f4f8  HTTPStd_FIELD_NAME_IF_MATCH                                          
2000f4fc  HTTPStd_FIELD_NAME_IF_MODIFIED_SINCE                                 
2000f500  HTTPStd_FIELD_NAME_IF_NONE_MATCH                                     
2000f504  HTTPStd_FIELD_NAME_IF_RANGE                                          
2000f508  HTTPStd_FIELD_NAME_IF_UNMODIFIED_SINCE                               
2000f50c  HTTPStd_FIELD_NAME_LAST_MODIFIED                                     
2000f510  HTTPStd_FIELD_NAME_LOCATION                                          
2000f514  HTTPStd_FIELD_NAME_MAX_FORWARDS                                      
2000f518  HTTPStd_FIELD_NAME_ORIGIN                                            
2000f51c  HTTPStd_FIELD_NAME_PRAGMA                                            
2000f520  HTTPStd_FIELD_NAME_PROXY_AUTHENTICATE                                
2000f524  HTTPStd_FIELD_NAME_PROXY_AUTHORIZATION                               
2000f528  HTTPStd_FIELD_NAME_RANGE                                             
2000f52c  HTTPStd_FIELD_NAME_REFERER                                           
2000f530  HTTPStd_FIELD_NAME_RETRY_AFTER                                       
2000f534  HTTPStd_FIELD_NAME_SERVER                                            
2000f538  HTTPStd_FIELD_NAME_TE                                                
2000f53c  HTTPStd_FIELD_NAME_TRAILER                                           
2000f540  HTTPStd_FIELD_NAME_TRANSFER_ENCODING                                 
2000f544  HTTPStd_FIELD_NAME_UPGRADE                                           
2000f548  HTTPStd_FIELD_NAME_USER_AGENT                                        
2000f54c  HTTPStd_FIELD_NAME_VARY                                              
2000f550  HTTPStd_FIELD_NAME_VIA                                               
2000f554  HTTPStd_FIELD_NAME_WWW_AUTHENTICATE                                  
2000f558  HTTPStd_FIELD_NAME_WARNING                                           
2000f55c  HTTPStd_FIELD_NAME_X_FORWARDED_FOR                                   
2000f560  _ipcfg                                                               
2000f614  ti_sysbios_knl_Task_Object__table__V                                 
2000f6ac  ti_sysbios_family_arm_lm4_Timer_Object__table__V                     
2000f72c  ti_sysbios_knl_Swi_Module_State_0_readyQ__A                          
2000f7ac  ti_sysbios_knl_Task_Module_State_0_readyQ__A                         
2000f82c  ti_sysbios_knl_Swi_Object__table__V                                  
2000f8dc  ti_sysbios_knl_Task_Module__state__V                                 
2000f9a0  ti_sysbios_family_arm_lm4_Timer_Module_State_0_device__A             
2000f9e0  ti_sysbios_gates_GateMutex_Object__table__V                          
2000fa4c  ti_sysbios_family_arm_m3_Hwi_Module__state__V                        
2000fa80  enablePrefetch                                                       
2000fa84  phyCounter                                                           
2000fab2  ti_sysbios_family_arm_m3_Hwi_Module_State_0_excActive__A             
2000fae4  ti_sysbios_family_arm_m3_Hwi_Object__table__V                        
2000fb14  ti_sysbios_knl_Clock_Module__state__V                                
2000fb40  pstrMsgName                                                          
2000fb68  _oscfg                                                               
2000fb8c  PITCount                                                             
2000fb90  PITUsed                                                              
2000fb94  PITHigh                                                              
2000fbb0  ti_sysbios_BIOS_Module__state__V                                     
2000fbd4  ti_sysbios_family_arm_lm4_Timer_Module_State_0_handles__A            
2000fc10  ti_ndk_config_Global_Id2Size                                         
2000fc2c  ti_sysbios_knl_Swi_Module__state__V                                  
2000fc90  ti_sysbios_heaps_HeapMem_Object__table__V                            
2000fce4  gpioPinConfigs                                                       
2000fd0c  _IGMPForceVersion1                                                   
2000fd14  a                                                                    
2000fd18  serverPort                                                           
2000fd1c  serverIP                                                             
2000fd20  ti_sysbios_family_arm_lm4_Timer_Module__state__V                     
2000fd2c  xdc_runtime_SysMin_Module__state__V                                  
2000fd44  _lock                                                                
2000fd48  _unlock                                                              
2000fd4c  NIMUDeviceTable                                                      
2000fd54  gpioCallbackFunctions                                                
2000fd5c  ti_ndk_config_Global_HostName                                        
2000fd60  __xdc__init__addr                                                    
2000fd74  _ICMPInErrors                                                        
2000fd78  _ICMPOutErrors                                                       
2000fd7c  _IPExecuting                                                         
2000fd94  tcp_iss                                                              
2000fd98  ptTimeFirst                                                          
2000fda4  ti_sysbios_family_arm_m3_Hwi_Module__root__V                         
2000fdac  ti_sysbios_gates_GateHwi_Module__root__V                             
2000fdb4  ti_sysbios_gates_GateMutex_Module__root__V                           
2000fdbc  ti_sysbios_hal_Timer_Object__table__V                                
2000fdc4  ti_sysbios_heaps_HeapMem_Module__root__V                             
2000fdcc  ti_sysbios_knl_Clock_Module__root__V                                 
2000fdd4  ti_sysbios_knl_Queue_Module__root__V                                 
2000fddc  ti_sysbios_knl_Semaphore_Module__root__V                             
2000fde4  ti_sysbios_knl_Swi_Module__root__V                                   
2000fdec  ti_sysbios_knl_Task_Module__root__V                                  
2000fdf4  xdc_runtime_Registry_Module__state__V                                
2000fdfc  xdc_runtime_Startup_Module__state__V                                 
2000fe04  xdc_runtime_System_Module_State_0_atexitHandlers__A                  
2000fe0c  xdc_runtime_System_Module__state__V                                  
2000fe14  macAddress                                                           
2000fe26  xdc_runtime_Error_Module__state__V                                   
2000fe34  errno                                                                
2000fe38  main_func_sp                                                         
2000fe40  _IPReasmPtr                                                          
2000fe50  ti_sysbios_family_arm_m3_Hwi_Module_State_0_excContext__A            
2000fe54  ti_sysbios_family_arm_m3_Hwi_Module_State_0_excStack__A              
2000fe58  ti_sysbios_gates_GateHwi_Object__table__V                            
2000fe5c  ti_sysbios_knl_Task_Module_State_0_idleTask__A                       
2000fe60  xdc_runtime_Memory_Module__state__V                                  
2000fe68  __stack                                                              
20010668  __STACK_END                                                          
e000e000  ti_sysbios_family_arm_m3_Hwi_nvic                                    
ffffffff  __TI_pprof_out_hndl                                                  
ffffffff  __TI_prof_data_size                                                  
ffffffff  __TI_prof_data_start                                                 
ffffffff  __binit__                                                            
ffffffff  __c_args__                                                           
ffffffff  binit                                                                
UNDEFED   SHT$$INIT_ARRAY$$Base                                                
UNDEFED   SHT$$INIT_ARRAY$$Limit                                               

[1145 symbols]
